Archive member included to satisfy reference by file (symbol)

c:/ac6/systemworkbench/plugins/fr.ac6.mcu.externaltools.arm-none.win32_1.16.0.201807130628/tools/compiler/bin/../lib/gcc/arm-none-eabi/7.2.1/thumb/v7-m\libgcc.a(_arm_addsubsf3.o)
                              src/lsm6dsl.o (__aeabi_i2f)
c:/ac6/systemworkbench/plugins/fr.ac6.mcu.externaltools.arm-none.win32_1.16.0.201807130628/tools/compiler/bin/../lib/gcc/arm-none-eabi/7.2.1/thumb/v7-m\libgcc.a(_arm_muldivsf3.o)
                              src/lsm6dsl.o (__aeabi_fmul)
c:/ac6/systemworkbench/plugins/fr.ac6.mcu.externaltools.arm-none.win32_1.16.0.201807130628/tools/compiler/bin/../lib/gcc/arm-none-eabi/7.2.1/thumb/v7-m\libgcc.a(_arm_cmpsf2.o)
                              src/lsm6dsl.o (__aeabi_fcmple)
c:/ac6/systemworkbench/plugins/fr.ac6.mcu.externaltools.arm-none.win32_1.16.0.201807130628/tools/compiler/bin/../lib/gcc/arm-none-eabi/7.2.1/thumb/v7-m\libgcc.a(_arm_fixsfsi.o)
                              src/lsm6dsl.o (__aeabi_f2iz)
c:/ac6/systemworkbench/plugins/fr.ac6.mcu.externaltools.arm-none.win32_1.16.0.201807130628/tools/compiler/bin/../lib/gcc/arm-none-eabi/7.2.1/../../../../arm-none-eabi/lib/thumb/v7-m\libc.a(lib_a-errno.o)
                              src/syscalls.o (__errno)
c:/ac6/systemworkbench/plugins/fr.ac6.mcu.externaltools.arm-none.win32_1.16.0.201807130628/tools/compiler/bin/../lib/gcc/arm-none-eabi/7.2.1/../../../../arm-none-eabi/lib/thumb/v7-m\libc.a(lib_a-exit.o)
                              c:/ac6/systemworkbench/plugins/fr.ac6.mcu.externaltools.arm-none.win32_1.16.0.201807130628/tools/compiler/bin/../lib/gcc/arm-none-eabi/7.2.1/../../../../arm-none-eabi/lib/thumb/v7-m/crt0.o (exit)
c:/ac6/systemworkbench/plugins/fr.ac6.mcu.externaltools.arm-none.win32_1.16.0.201807130628/tools/compiler/bin/../lib/gcc/arm-none-eabi/7.2.1/../../../../arm-none-eabi/lib/thumb/v7-m\libc.a(lib_a-impure.o)
                              c:/ac6/systemworkbench/plugins/fr.ac6.mcu.externaltools.arm-none.win32_1.16.0.201807130628/tools/compiler/bin/../lib/gcc/arm-none-eabi/7.2.1/../../../../arm-none-eabi/lib/thumb/v7-m\libc.a(lib_a-exit.o) (_global_impure_ptr)
c:/ac6/systemworkbench/plugins/fr.ac6.mcu.externaltools.arm-none.win32_1.16.0.201807130628/tools/compiler/bin/../lib/gcc/arm-none-eabi/7.2.1/../../../../arm-none-eabi/lib/thumb/v7-m\libc.a(lib_a-init.o)
                              c:/ac6/systemworkbench/plugins/fr.ac6.mcu.externaltools.arm-none.win32_1.16.0.201807130628/tools/compiler/bin/../lib/gcc/arm-none-eabi/7.2.1/../../../../arm-none-eabi/lib/thumb/v7-m/crt0.o (__libc_init_array)
c:/ac6/systemworkbench/plugins/fr.ac6.mcu.externaltools.arm-none.win32_1.16.0.201807130628/tools/compiler/bin/../lib/gcc/arm-none-eabi/7.2.1/../../../../arm-none-eabi/lib/thumb/v7-m\libc.a(lib_a-memcpy.o)
                              Middlewares/Third_Party/FreeRTOS/Source/queue.o (memcpy)
c:/ac6/systemworkbench/plugins/fr.ac6.mcu.externaltools.arm-none.win32_1.16.0.201807130628/tools/compiler/bin/../lib/gcc/arm-none-eabi/7.2.1/../../../../arm-none-eabi/lib/thumb/v7-m\libc.a(lib_a-memset.o)
                              c:/ac6/systemworkbench/plugins/fr.ac6.mcu.externaltools.arm-none.win32_1.16.0.201807130628/tools/compiler/bin/../lib/gcc/arm-none-eabi/7.2.1/../../../../arm-none-eabi/lib/thumb/v7-m/crt0.o (memset)
c:/ac6/systemworkbench/plugins/fr.ac6.mcu.externaltools.arm-none.win32_1.16.0.201807130628/tools/compiler/bin/../lib/gcc/arm-none-eabi/7.2.1/../../../../arm-none-eabi/lib/thumb/v7-m\libc.a(lib_a-printf.o)
                              src/app_mems-library.o (printf)
c:/ac6/systemworkbench/plugins/fr.ac6.mcu.externaltools.arm-none.win32_1.16.0.201807130628/tools/compiler/bin/../lib/gcc/arm-none-eabi/7.2.1/../../../../arm-none-eabi/lib/thumb/v7-m\libc.a(lib_a-snprintf.o)
                              src/app_mems-library.o (snprintf)
c:/ac6/systemworkbench/plugins/fr.ac6.mcu.externaltools.arm-none.win32_1.16.0.201807130628/tools/compiler/bin/../lib/gcc/arm-none-eabi/7.2.1/../../../../arm-none-eabi/lib/thumb/v7-m\libc.a(lib_a-strlen-stub.o)
                              src/app_mems-library.o (strlen)
c:/ac6/systemworkbench/plugins/fr.ac6.mcu.externaltools.arm-none.win32_1.16.0.201807130628/tools/compiler/bin/../lib/gcc/arm-none-eabi/7.2.1/../../../../arm-none-eabi/lib/thumb/v7-m\libc.a(lib_a-svfprintf.o)
                              c:/ac6/systemworkbench/plugins/fr.ac6.mcu.externaltools.arm-none.win32_1.16.0.201807130628/tools/compiler/bin/../lib/gcc/arm-none-eabi/7.2.1/../../../../arm-none-eabi/lib/thumb/v7-m\libc.a(lib_a-snprintf.o) (_svfprintf_r)
c:/ac6/systemworkbench/plugins/fr.ac6.mcu.externaltools.arm-none.win32_1.16.0.201807130628/tools/compiler/bin/../lib/gcc/arm-none-eabi/7.2.1/../../../../arm-none-eabi/lib/thumb/v7-m\libc.a(lib_a-vfprintf.o)
[...]
Memory Configuration

Name             Origin             Length             Attributes
FLASH            0x08000000         0x00080000         xr
RAM              0x20000000         0x00014000         xrw
MEMORY_B1        0x60000000         0x00000000         xr
*default*        0x00000000         0xffffffff

Linker script and memory map

LOAD c:/ac6/systemworkbench/plugins/fr.ac6.mcu.externaltools.arm-none.win32_1.16.0.201807130628/tools/compiler/bin/../lib/gcc/arm-none-eabi/7.2.1/thumb/v7-m/crti.o
LOAD c:/ac6/systemworkbench/plugins/fr.ac6.mcu.externaltools.arm-none.win32_1.16.0.201807130628/tools/compiler/bin/../lib/gcc/arm-none-eabi/7.2.1/thumb/v7-m/crtbegin.o
LOAD c:/ac6/systemworkbench/plugins/fr.ac6.mcu.externaltools.arm-none.win32_1.16.0.201807130628/tools/compiler/bin/../lib/gcc/arm-none-eabi/7.2.1/../../../../arm-none-eabi/lib/thumb/v7-m/crt0.o
LOAD HAL_Driver/Src/stm32l1xx_hal.o
LOAD HAL_Driver/Src/stm32l1xx_hal_adc.o
LOAD HAL_Driver/Src/stm32l1xx_hal_adc_ex.o
LOAD HAL_Driver/Src/stm32l1xx_hal_comp.o
LOAD HAL_Driver/Src/stm32l1xx_hal_cortex.o
LOAD HAL_Driver/Src/stm32l1xx_hal_crc.o
LOAD HAL_Driver/Src/stm32l1xx_hal_cryp.o
LOAD HAL_Driver/Src/stm32l1xx_hal_cryp_ex.o
LOAD HAL_Driver/Src/stm32l1xx_hal_dac.o
LOAD HAL_Driver/Src/stm32l1xx_hal_dac_ex.o
LOAD HAL_Driver/Src/stm32l1xx_hal_dma.o
LOAD HAL_Driver/Src/stm32l1xx_hal_flash.o
LOAD HAL_Driver/Src/stm32l1xx_hal_flash_ex.o
LOAD HAL_Driver/Src/stm32l1xx_hal_flash_ramfunc.o
LOAD HAL_Driver/Src/stm32l1xx_hal_gpio.o
LOAD HAL_Driver/Src/stm32l1xx_hal_i2c.o
LOAD HAL_Driver/Src/stm32l1xx_hal_i2s.o
LOAD HAL_Driver/Src/stm32l1xx_hal_irda.o
LOAD HAL_Driver/Src/stm32l1xx_hal_iwdg.o
LOAD HAL_Driver/Src/stm32l1xx_hal_lcd.o
LOAD HAL_Driver/Src/stm32l1xx_hal_nor.o
LOAD HAL_Driver/Src/stm32l1xx_hal_opamp.o
LOAD HAL_Driver/Src/stm32l1xx_hal_opamp_ex.o
LOAD HAL_Driver/Src/stm32l1xx_hal_pcd.o
LOAD HAL_Driver/Src/stm32l1xx_hal_pcd_ex.o
LOAD HAL_Driver/Src/stm32l1xx_hal_pwr.o
LOAD HAL_Driver/Src/stm32l1xx_hal_pwr_ex.o
LOAD HAL_Driver/Src/stm32l1xx_hal_rcc.o
LOAD HAL_Driver/Src/stm32l1xx_hal_rcc_ex.o
LOAD HAL_Driver/Src/stm32l1xx_hal_rtc.o
LOAD HAL_Driver/Src/stm32l1xx_hal_rtc_ex.o
LOAD HAL_Driver/Src/stm32l1xx_hal_sd.o
LOAD HAL_Driver/Src/stm32l1xx_hal_smartcard.o
LOAD HAL_Driver/Src/stm32l1xx_hal_spi.o
LOAD HAL_Driver/Src/stm32l1xx_hal_spi_ex.o
LOAD HAL_Driver/Src/stm32l1xx_hal_sram.o
LOAD HAL_Driver/Src/stm32l1xx_hal_tim.o
LOAD HAL_Driver/Src/stm32l1xx_hal_tim_ex.o
LOAD HAL_Driver/Src/stm32l1xx_hal_uart.o
LOAD HAL_Driver/Src/stm32l1xx_hal_usart.o
LOAD HAL_Driver/Src/stm32l1xx_hal_wwdg.o
LOAD HAL_Driver/Src/stm32l1xx_ll_adc.o
LOAD HAL_Driver/Src/stm32l1xx_ll_comp.o
LOAD HAL_Driver/Src/stm32l1xx_ll_crc.o
LOAD HAL_Driver/Src/stm32l1xx_ll_dac.o
LOAD HAL_Driver/Src/stm32l1xx_ll_dma.o
LOAD HAL_Driver/Src/stm32l1xx_ll_exti.o
LOAD HAL_Driver/Src/stm32l1xx_ll_fsmc.o
LOAD HAL_Driver/Src/stm32l1xx_ll_gpio.o
LOAD HAL_Driver/Src/stm32l1xx_ll_i2c.o
LOAD HAL_Driver/Src/stm32l1xx_ll_opamp.o
LOAD HAL_Driver/Src/stm32l1xx_ll_pwr.o
LOAD HAL_Driver/Src/stm32l1xx_ll_rcc.o
LOAD HAL_Driver/Src/stm32l1xx_ll_rtc.o
LOAD HAL_Driver/Src/stm32l1xx_ll_sdmmc.o
LOAD HAL_Driver/Src/stm32l1xx_ll_spi.o
LOAD HAL_Driver/Src/stm32l1xx_ll_tim.o
LOAD HAL_Driver/Src/stm32l1xx_ll_usart.o
LOAD HAL_Driver/Src/stm32l1xx_ll_utils.o
LOAD Middlewares/Third_Party/FreeRTOS/Source/CMSIS_RTOS/cmsis_os.o
LOAD Middlewares/Third_Party/FreeRTOS/Source/croutine.o
LOAD Middlewares/Third_Party/FreeRTOS/Source/event_groups.o
LOAD Middlewares/Third_Party/FreeRTOS/Source/list.o
LOAD Middlewares/Third_Party/FreeRTOS/Source/queue.o
LOAD Middlewares/Third_Party/FreeRTOS/Source/tasks.o
LOAD Middlewares/Third_Party/FreeRTOS/Source/timers.o
LOAD Middlewares/Third_Party/FreeRTOS/Source/portable/GCC/ARM_CM3/port.o
LOAD Middlewares/Third_Party/FreeRTOS/Source/portable/MemMang/heap_4.o
LOAD src/app_mems-library.o
LOAD src/app_mems_int_pin_a_interface.o
LOAD src/app_uart_interface.o
LOAD src/flash.o
LOAD src/iks01a2_motion_sensors.o
LOAD src/iks01a2_motion_sensors_ex.o
LOAD src/lsm6dsl.o
LOAD src/lsm6dsl_reg.o
LOAD src/main.o
LOAD src/nucleo_l152re_bus.o
LOAD src/stm32_common_bsp.o
LOAD src/stm32l1xx_hal_exti.o
LOAD src/stm32l1xx_hal_msp.o
LOAD src/stm32l1xx_it.o
LOAD src/syscalls.o
LOAD src/system_stm32l1xx.o
LOAD startup/startup_stm32l152xe.o
LOAD c:/ac6/systemworkbench/plugins/fr.ac6.mcu.externaltools.arm-none.win32_1.16.0.201807130628/tools/compiler/bin/../lib/gcc/arm-none-eabi/7.2.1/../../../../arm-none-eabi/lib/thumb/v7-m\libm.a
START GROUP
LOAD c:/ac6/systemworkbench/plugins/fr.ac6.mcu.externaltools.arm-none.win32_1.16.0.201807130628/tools/compiler/bin/../lib/gcc/arm-none-eabi/7.2.1/thumb/v7-m\libgcc.a
LOAD c:/ac6/systemworkbench/plugins/fr.ac6.mcu.externaltools.arm-none.win32_1.16.0.201807130628/tools/compiler/bin/../lib/gcc/arm-none-eabi/7.2.1/../../../../arm-none-eabi/lib/thumb/v7-m\libc.a
END GROUP
LOAD c:/ac6/systemworkbench/plugins/fr.ac6.mcu.externaltools.arm-none.win32_1.16.0.201807130628/tools/compiler/bin/../lib/gcc/arm-none-eabi/7.2.1/thumb/v7-m/crtend.o
LOAD c:/ac6/systemworkbench/plugins/fr.ac6.mcu.externaltools.arm-none.win32_1.16.0.201807130628/tools/compiler/bin/../lib/gcc/arm-none-eabi/7.2.1/thumb/v7-m/crtn.o
                0x20014000                _estack = 0x20014000
                0x00000200                _Min_Heap_Size = 0x200
                0x00000400                _Min_Stack_Size = 0x400

.isr_vector     0x08000000      0x13c
                0x08000000                . = ALIGN (0x4)
 *(.isr_vector)
 .isr_vector    0x08000000      0x13c startup/startup_stm32l152xe.o
                0x08000000                g_pfnVectors
                0x0800013c                . = ALIGN (0x4)

.text           0x08000140    0x11170
                0x08000140                . = ALIGN (0x4)
 *(.text)
 .text          0x08000140       0x40 c:/ac6/systemworkbench/plugins/fr.ac6.mcu.externaltools.arm-none.win32_1.16.0.201807130628/tools/compiler/bin/../lib/gcc/arm-none-eabi/7.2.1/thumb/v7-m/crtbegin.o
 .text          0x08000180      0x21c c:/ac6/systemworkbench/plugins/fr.ac6.mcu.externaltools.arm-none.win32_1.16.0.201807130628/tools/compiler/bin/../lib/gcc/arm-none-eabi/7.2.1/thumb/v7-m\libgcc.a(_arm_addsubsf3.o)
                0x08000180                __aeabi_frsub
                0x08000188                __subsf3
                0x08000188                __aeabi_fsub
                0x0800018c                __aeabi_fadd
                0x0800018c                __addsf3
                0x080002ec                __aeabi_ui2f
                0x080002ec                __floatunsisf
                0x080002f4                __aeabi_i2f
                0x080002f4                __floatsisf
                0x08000310                __aeabi_ul2f
                0x08000310                __floatundisf
                0x08000320                __aeabi_l2f
                0x08000320                __floatdisf
 .text          0x0800039c      0x2a0 c:/ac6/systemworkbench/plugins/fr.ac6.mcu.externaltools.arm-none.win32_1.16.0.201807130628/tools/compiler/bin/../lib/gcc/arm-none-eabi/7.2.1/thumb/v7-m\libgcc.a(_arm_muldivsf3.o)
                0x0800039c                __mulsf3
                0x0800039c                __aeabi_fmul
                0x08000504                __aeabi_fdiv
                0x08000504                __divsf3
 .text          0x0800063c       0xec c:/ac6/systemworkbench/plugins/fr.ac6.mcu.externaltools.arm-none.win32_1.16.0.201807130628/tools/compiler/bin/../lib/gcc/arm-none-eabi/7.2.1/thumb/v7-m\libgcc.a(_arm_cmpsf2.o)
                0x0800063c                __gesf2
                0x0800063c                __gtsf2
                0x08000644                __lesf2
                0x08000644                __ltsf2
                0x0800064c                __nesf2
                0x0800064c                __eqsf2
                0x0800064c                __cmpsf2
                0x080006ac                __aeabi_cfrcmple
                0x080006b4                __aeabi_cfcmpeq
                0x080006b4                __aeabi_cfcmple
                0x080006c4                __aeabi_fcmpeq
                0x080006d8                __aeabi_fcmplt
                0x080006ec                __aeabi_fcmple
                0x08000700                __aeabi_fcmpge
                0x08000714                __aeabi_fcmpgt
 .text          0x08000728       0x4c c:/ac6/systemworkbench/plugins/fr.ac6.mcu.externaltools.arm-none.win32_1.16.0.201807130628/tools/compiler/bin/../lib/gcc/arm-none-eabi/7.2.1/thumb/v7-m\libgcc.a(_arm_fixsfsi.o)
                0x08000728                __aeabi_f2iz
                0x08000728                __fixsfsi
 .text          0x08000774       0xec c:/ac6/systemworkbench/plugins/fr.ac6.mcu.externaltools.arm-none.win32_1.16.0.201807130628/tools/compiler/bin/../lib/gcc/arm-none-eabi/7.2.1/../../../../arm-none-eabi/lib/thumb/v7-m\libc.a(lib_a-memcpy.o)
                0x08000774                memcpy
 .text          0x08000860      0x378 c:/ac6/systemworkbench/plugins/fr.ac6.mcu.externaltools.arm-none.win32_1.16.0.201807130628/tools/compiler/bin/../lib/gcc/arm-none-eabi/7.2.1/thumb/v7-m\libgcc.a(_arm_addsubdf3.o)
                0x08000860                __aeabi_drsub
                0x08000868                __aeabi_dsub
                0x08000868                __subdf3
                0x0800086c                __aeabi_dadd
                0x0800086c                __adddf3
                0x08000ae4                __floatunsidf
                0x08000ae4                __aeabi_ui2d
                0x08000b04                __floatsidf
                0x08000b04                __aeabi_i2d
                0x08000b28                __aeabi_f2d
                0x08000b28                __extendsfdf2
                0x08000b6c                __floatundidf
                0x08000b6c                __aeabi_ul2d
                0x08000b7c                __floatdidf
                0x08000b7c                __aeabi_l2d
 .text          0x08000bd8      0x424 c:/ac6/systemworkbench/plugins/fr.ac6.mcu.externaltools.arm-none.win32_1.16.0.201807130628/tools/compiler/bin/../lib/gcc/arm-none-eabi/7.2.1/thumb/v7-m\libgcc.a(_arm_muldivdf3.o)
                0x08000bd8                __aeabi_dmul
                0x08000bd8                __muldf3
                0x08000e2c                __divdf3
                0x08000e2c                __aeabi_ddiv
 .text          0x08000ffc      0x110 c:/ac6/systemworkbench/plugins/fr.ac6.mcu.externaltools.arm-none.win32_1.16.0.201807130628/tools/compiler/bin/../lib/gcc/arm-none-eabi/7.2.1/thumb/v7-m\libgcc.a(_arm_cmpdf2.o)
                0x08000ffc                __gtdf2
                0x08000ffc                __gedf2
                0x08001004                __ltdf2
                0x08001004                __ledf2
                0x0800100c                __nedf2
                0x0800100c                __eqdf2
                0x0800100c                __cmpdf2
                0x08001088                __aeabi_cdrcmple
                0x08001098                __aeabi_cdcmpeq
                0x08001098                __aeabi_cdcmple
                0x080010a8                __aeabi_dcmpeq
                0x080010bc                __aeabi_dcmplt
                0x080010d0                __aeabi_dcmple
                0x080010e4                __aeabi_dcmpge
                0x080010f8                __aeabi_dcmpgt
 .text          0x0800110c       0x2c c:/ac6/systemworkbench/plugins/fr.ac6.mcu.externaltools.arm-none.win32_1.16.0.201807130628/tools/compiler/bin/../lib/gcc/arm-none-eabi/7.2.1/thumb/v7-m\libgcc.a(_arm_unorddf2.o)
                0x0800110c                __unorddf2
                0x0800110c                __aeabi_dcmpun
 .text          0x08001138       0x50 c:/ac6/systemworkbench/plugins/fr.ac6.mcu.externaltools.arm-none.win32_1.16.0.201807130628/tools/compiler/bin/../lib/gcc/arm-none-eabi/7.2.1/thumb/v7-m\libgcc.a(_arm_fixdfsi.o)
                0x08001138                __aeabi_d2iz
                0x08001138                __fixdfsi
 .text          0x08001188       0x30 c:/ac6/systemworkbench/plugins/fr.ac6.mcu.externaltools.arm-none.win32_1.16.0.201807130628/tools/compiler/bin/../lib/gcc/arm-none-eabi/7.2.1/thumb/v7-m\libgcc.a(_aeabi_uldivmod.o)
                0x08001188                __aeabi_uldivmod
 .text          0x080011b8      0x2d0 c:/ac6/systemworkbench/plugins/fr.ac6.mcu.externaltools.arm-none.win32_1.16.0.201807130628/tools/compiler/bin/../lib/gcc/arm-none-eabi/7.2.1/thumb/v7-m\libgcc.a(_udivmoddi4.o)
                0x080011b8                __udivmoddi4
 .text          0x08001488        0x4 c:/ac6/systemworkbench/plugins/fr.ac6.mcu.externaltools.arm-none.win32_1.16.0.201807130628/tools/compiler/bin/../lib/gcc/arm-none-eabi/7.2.1/thumb/v7-m\libgcc.a(_dvmd_tls.o)
                0x08001488                __aeabi_idiv0
                0x08001488                __aeabi_ldiv0
 *(.text*)
 .text.HAL_Init
                0x0800148c       0x1a HAL_Driver/Src/stm32l1xx_hal.o
                0x0800148c                HAL_Init
 *fill*         0x080014a6        0x2 
 .text.HAL_InitTick
                0x080014a8       0x38 HAL_Driver/Src/stm32l1xx_hal.o
                0x080014a8                HAL_InitTick
 .text.HAL_IncTick
                0x080014e0       0x1c HAL_Driver/Src/stm32l1xx_hal.o
                0x080014e0                HAL_IncTick
 .text.HAL_GetTick
                0x080014fc       0x14 HAL_Driver/Src/stm32l1xx_hal.o
                0x080014fc                HAL_GetTick
 .text.HAL_Delay
                0x08001510       0x2c HAL_Driver/Src/stm32l1xx_hal.o
                0x08001510                HAL_Delay
 .text.NVIC_SetPriorityGrouping
                0x0800153c       0x48 HAL_Driver/Src/stm32l1xx_hal_cortex.o
 .text.NVIC_GetPriorityGrouping
                0x08001584       0x1c HAL_Driver/Src/stm32l1xx_hal_cortex.o
 .text.NVIC_EnableIRQ
                0x080015a0       0x30 HAL_Driver/Src/stm32l1xx_hal_cortex.o
 .text.NVIC_SetPriority
                0x080015d0       0x54 HAL_Driver/Src/stm32l1xx_hal_cortex.o
 .text.NVIC_EncodePriority
                0x08001624       0x64 HAL_Driver/Src/stm32l1xx_hal_cortex.o
 .text.SysTick_Config
                0x08001688       0x44 HAL_Driver/Src/stm32l1xx_hal_cortex.o
 .text.HAL_NVIC_SetPriorityGrouping
                0x080016cc       0x16 HAL_Driver/Src/stm32l1xx_hal_cortex.o
                0x080016cc                HAL_NVIC_SetPriorityGrouping
 .text.HAL_NVIC_SetPriority
                0x080016e2       0x38 HAL_Driver/Src/stm32l1xx_hal_cortex.o
                0x080016e2                HAL_NVIC_SetPriority
 .text.HAL_NVIC_EnableIRQ
                0x0800171a       0x1c HAL_Driver/Src/stm32l1xx_hal_cortex.o
                0x0800171a                HAL_NVIC_EnableIRQ
 .text.HAL_SYSTICK_Config
                0x08001736       0x18 HAL_Driver/Src/stm32l1xx_hal_cortex.o
                0x08001736                HAL_SYSTICK_Config
 *fill*         0x0800174e        0x2 
 .text.HAL_SYSTICK_CLKSourceConfig
                0x08001750       0x38 HAL_Driver/Src/stm32l1xx_hal_cortex.o
                0x08001750                HAL_SYSTICK_CLKSourceConfig
 .text.HAL_SYSTICK_IRQHandler
                0x08001788        0xc HAL_Driver/Src/stm32l1xx_hal_cortex.o
                0x08001788                HAL_SYSTICK_IRQHandler
 .text.HAL_SYSTICK_Callback
                0x08001794        0xc HAL_Driver/Src/stm32l1xx_hal_cortex.o
                0x08001794                HAL_SYSTICK_Callback
 .text.HAL_FLASH_Program
                0x080017a0       0x60 HAL_Driver/Src/stm32l1xx_hal_flash.o
                0x080017a0                HAL_FLASH_Program
 .text.HAL_FLASH_Unlock
                0x08001800       0x58 HAL_Driver/Src/stm32l1xx_hal_flash.o
                0x08001800                HAL_FLASH_Unlock
 .text.HAL_FLASH_Lock
                0x08001858       0x20 HAL_Driver/Src/stm32l1xx_hal_flash.o
                0x08001858                HAL_FLASH_Lock
 .text.FLASH_WaitForLastOperation
                0x08001878       0xa0 HAL_Driver/Src/stm32l1xx_hal_flash.o
                0x08001878                FLASH_WaitForLastOperation
 .text.FLASH_SetErrorCode
                0x08001918       0xac HAL_Driver/Src/stm32l1xx_hal_flash.o
 .text.HAL_FLASHEx_Erase
                0x080019c4       0xb0 HAL_Driver/Src/stm32l1xx_hal_flash_ex.o
                0x080019c4                HAL_FLASHEx_Erase
 .text.FLASH_PageErase
                0x08001a74       0x44 HAL_Driver/Src/stm32l1xx_hal_flash_ex.o
                0x08001a74                FLASH_PageErase
 .text.HAL_GPIO_Init
                0x08001ab8      0x31c HAL_Driver/Src/stm32l1xx_hal_gpio.o
                0x08001ab8                HAL_GPIO_Init
 .text.HAL_GPIO_DeInit
                0x08001dd4      0x1e0 HAL_Driver/Src/stm32l1xx_hal_gpio.o
                0x08001dd4                HAL_GPIO_DeInit
 .text.HAL_GPIO_ReadPin
                0x08001fb4       0x2e HAL_Driver/Src/stm32l1xx_hal_gpio.o
                0x08001fb4                HAL_GPIO_ReadPin
 .text.HAL_GPIO_WritePin
                0x08001fe2       0x30 HAL_Driver/Src/stm32l1xx_hal_gpio.o
                0x08001fe2                HAL_GPIO_WritePin
 .text.HAL_GPIO_TogglePin
                0x08002012       0x22 HAL_Driver/Src/stm32l1xx_hal_gpio.o
                0x08002012                HAL_GPIO_TogglePin
 .text.HAL_I2C_Init
                0x08002034      0x220 HAL_Driver/Src/stm32l1xx_hal_i2c.o
                0x08002034                HAL_I2C_Init
 .text.HAL_I2C_DeInit
                0x08002254       0x5e HAL_Driver/Src/stm32l1xx_hal_i2c.o
                0x08002254                HAL_I2C_DeInit
 .text.HAL_I2C_MspInit
                0x080022b2       0x12 HAL_Driver/Src/stm32l1xx_hal_i2c.o
                0x080022b2                HAL_I2C_MspInit
 .text.HAL_I2C_MspDeInit
                0x080022c4       0x12 HAL_Driver/Src/stm32l1xx_hal_i2c.o
                0x080022c4                HAL_I2C_MspDeInit
 *fill*         0x080022d6        0x2 
 .text.HAL_I2C_Mem_Write
                0x080022d8      0x220 HAL_Driver/Src/stm32l1xx_hal_i2c.o
                0x080022d8                HAL_I2C_Mem_Write
 .text.HAL_I2C_Mem_Read
                0x080024f8      0x43c HAL_Driver/Src/stm32l1xx_hal_i2c.o
                0x080024f8                HAL_I2C_Mem_Read
 .text.HAL_I2C_GetState
                0x08002934       0x1a HAL_Driver/Src/stm32l1xx_hal_i2c.o
                0x08002934                HAL_I2C_GetState
 *fill*         0x0800294e        0x2 
 .text.I2C_RequestMemoryWrite
                0x08002950      0x128 HAL_Driver/Src/stm32l1xx_hal_i2c.o
 .text.I2C_RequestMemoryRead
                0x08002a78      0x1c4 HAL_Driver/Src/stm32l1xx_hal_i2c.o
 .text.I2C_WaitOnFlagUntilTimeout
                0x08002c3c       0xa2 HAL_Driver/Src/stm32l1xx_hal_i2c.o
 .text.I2C_WaitOnMasterAddressFlagUntilTimeout
                0x08002cde       0xdc HAL_Driver/Src/stm32l1xx_hal_i2c.o
 .text.I2C_WaitOnTXEFlagUntilTimeout
                0x08002dba       0x7a HAL_Driver/Src/stm32l1xx_hal_i2c.o
 .text.I2C_WaitOnBTFFlagUntilTimeout
                0x08002e34       0x7a HAL_Driver/Src/stm32l1xx_hal_i2c.o
 .text.I2C_WaitOnRXNEFlagUntilTimeout
                0x08002eae       0x94 HAL_Driver/Src/stm32l1xx_hal_i2c.o
 .text.I2C_IsAcknowledgeFailed
                0x08002f42       0x4e HAL_Driver/Src/stm32l1xx_hal_i2c.o
 .text.HAL_RCC_OscConfig
                0x08002f90      0xef4 HAL_Driver/Src/stm32l1xx_hal_rcc.o
                0x08002f90                HAL_RCC_OscConfig
 .text.HAL_RCC_ClockConfig
                0x08003e84      0x3b0 HAL_Driver/Src/stm32l1xx_hal_rcc.o
                0x08003e84                HAL_RCC_ClockConfig
 .text.HAL_RCC_GetSysClockFreq
                0x08004234      0x10c HAL_Driver/Src/stm32l1xx_hal_rcc.o
                0x08004234                HAL_RCC_GetSysClockFreq
 .text.HAL_RCC_GetHCLKFreq
                0x08004340       0x14 HAL_Driver/Src/stm32l1xx_hal_rcc.o
                0x08004340                HAL_RCC_GetHCLKFreq
 .text.HAL_RCC_GetPCLK1Freq
                0x08004354       0x44 HAL_Driver/Src/stm32l1xx_hal_rcc.o
                0x08004354                HAL_RCC_GetPCLK1Freq
 .text.HAL_RCC_GetPCLK2Freq
                0x08004398       0x44 HAL_Driver/Src/stm32l1xx_hal_rcc.o
                0x08004398                HAL_RCC_GetPCLK2Freq
 .text.RCC_SetFlashLatencyFromMSIRange
                0x080043dc       0xc4 HAL_Driver/Src/stm32l1xx_hal_rcc.o
 .text.HAL_UART_Init
                0x080044a0       0x92 HAL_Driver/Src/stm32l1xx_hal_uart.o
                0x080044a0                HAL_UART_Init
 .text.HAL_UART_Transmit
                0x08004532      0x152 HAL_Driver/Src/stm32l1xx_hal_uart.o
                0x08004532                HAL_UART_Transmit
 .text.UART_WaitOnFlagUntilTimeout
                0x08004684      0x132 HAL_Driver/Src/stm32l1xx_hal_uart.o
 *fill*         0x080047b6        0x2 
 .text.UART_SetConfig
                0x080047b8      0x400 HAL_Driver/Src/stm32l1xx_hal_uart.o
 .text.osKernelStart
                0x08004bb8        0xe Middlewares/Third_Party/FreeRTOS/Source/CMSIS_RTOS/cmsis_os.o
                0x08004bb8                osKernelStart
 .text.osSystickHandler
                0x08004bc6       0x16 Middlewares/Third_Party/FreeRTOS/Source/CMSIS_RTOS/cmsis_os.o
                0x08004bc6                osSystickHandler
 .text.vListInitialise
                0x08004bdc       0x3e Middlewares/Third_Party/FreeRTOS/Source/list.o
                0x08004bdc                vListInitialise
 .text.vListInitialiseItem
                0x08004c1a       0x18 Middlewares/Third_Party/FreeRTOS/Source/list.o
                0x08004c1a                vListInitialiseItem
 .text.vListInsertEnd
                0x08004c32       0x46 Middlewares/Third_Party/FreeRTOS/Source/list.o
                0x08004c32                vListInsertEnd
 .text.vListInsert
                0x08004c78       0x70 Middlewares/Third_Party/FreeRTOS/Source/list.o
                0x08004c78                vListInsert
 .text.uxListRemove
                0x08004ce8       0x52 Middlewares/Third_Party/FreeRTOS/Source/list.o
                0x08004ce8                uxListRemove
 *fill*         0x08004d3a        0x2 
 .text.xQueueGenericReset
                0x08004d3c       0xd0 Middlewares/Third_Party/FreeRTOS/Source/queue.o
                0x08004d3c                xQueueGenericReset
 .text.xQueueGenericCreate
                0x08004e0c       0x72 Middlewares/Third_Party/FreeRTOS/Source/queue.o
                0x08004e0c                xQueueGenericCreate
 .text.prvInitialiseNewQueue
                0x08004e7e       0x46 Middlewares/Third_Party/FreeRTOS/Source/queue.o
 .text.xQueueGenericSend
                0x08004ec4      0x1f4 Middlewares/Third_Party/FreeRTOS/Source/queue.o
                0x08004ec4                xQueueGenericSend
 .text.xQueueGenericSendFromISR
                0x080050b8      0x128 Middlewares/Third_Party/FreeRTOS/Source/queue.o
                0x080050b8                xQueueGenericSendFromISR
 .text.xQueueGenericReceive
                0x080051e0      0x224 Middlewares/Third_Party/FreeRTOS/Source/queue.o
                0x080051e0                xQueueGenericReceive
 .text.prvCopyDataToQueue
                0x08005404       0xd4 Middlewares/Third_Party/FreeRTOS/Source/queue.o
 .text.prvCopyDataFromQueue
                0x080054d8       0x4c Middlewares/Third_Party/FreeRTOS/Source/queue.o
 .text.prvUnlockQueue
                0x08005524       0xa4 Middlewares/Third_Party/FreeRTOS/Source/queue.o
 .text.prvIsQueueEmpty
                0x080055c8       0x2c Middlewares/Third_Party/FreeRTOS/Source/queue.o
 .text.prvIsQueueFull
                0x080055f4       0x30 Middlewares/Third_Party/FreeRTOS/Source/queue.o
 .text.vQueueAddToRegistry
                0x08005624       0x50 Middlewares/Third_Party/FreeRTOS/Source/queue.o
                0x08005624                vQueueAddToRegistry
 .text.vQueueWaitForMessageRestricted
                0x08005674       0x68 Middlewares/Third_Party/FreeRTOS/Source/queue.o
                0x08005674                vQueueWaitForMessageRestricted
 .text.xTaskCreate
                0x080056dc       0x82 Middlewares/Third_Party/FreeRTOS/Source/tasks.o
                0x080056dc                xTaskCreate
 .text.prvInitialiseNewTask
                0x0800575e      0x10c Middlewares/Third_Party/FreeRTOS/Source/tasks.o
 *fill*         0x0800586a        0x2 
 .text.prvAddNewTaskToReadyList
                0x0800586c       0xdc Middlewares/Third_Party/FreeRTOS/Source/tasks.o
 .text.vTaskStartScheduler
                0x08005948       0x98 Middlewares/Third_Party/FreeRTOS/Source/tasks.o
                0x08005948                vTaskStartScheduler
 .text.vTaskSuspendAll
                0x080059e0       0x1c Middlewares/Third_Party/FreeRTOS/Source/tasks.o
                0x080059e0                vTaskSuspendAll
 .text.xTaskResumeAll
                0x080059fc      0x138 Middlewares/Third_Party/FreeRTOS/Source/tasks.o
                0x080059fc                xTaskResumeAll
 .text.xTaskGetTickCount
                0x08005b34       0x1c Middlewares/Third_Party/FreeRTOS/Source/tasks.o
                0x08005b34                xTaskGetTickCount
 .text.xTaskIncrementTick
                0x08005b50      0x178 Middlewares/Third_Party/FreeRTOS/Source/tasks.o
                0x08005b50                xTaskIncrementTick
 .text.vTaskSwitchContext
                0x08005cc8       0xb4 Middlewares/Third_Party/FreeRTOS/Source/tasks.o
                0x08005cc8                vTaskSwitchContext
 .text.vTaskPlaceOnEventList
                0x08005d7c       0x48 Middlewares/Third_Party/FreeRTOS/Source/tasks.o
                0x08005d7c                vTaskPlaceOnEventList
 .text.vTaskPlaceOnEventListRestricted
                0x08005dc4       0x54 Middlewares/Third_Party/FreeRTOS/Source/tasks.o
                0x08005dc4                vTaskPlaceOnEventListRestricted
 .text.xTaskRemoveFromEventList
                0x08005e18       0xc4 Middlewares/Third_Party/FreeRTOS/Source/tasks.o
                0x08005e18                xTaskRemoveFromEventList
 .text.vTaskSetTimeOutState
                0x08005edc       0x44 Middlewares/Third_Party/FreeRTOS/Source/tasks.o
                0x08005edc                vTaskSetTimeOutState
 .text.xTaskCheckForTimeOut
                0x08005f20       0xbc Middlewares/Third_Party/FreeRTOS/Source/tasks.o
                0x08005f20                xTaskCheckForTimeOut
 .text.vTaskMissedYield
                0x08005fdc       0x18 Middlewares/Third_Party/FreeRTOS/Source/tasks.o
                0x08005fdc                vTaskMissedYield
 .text.prvIdleTask
                0x08005ff4       0x30 Middlewares/Third_Party/FreeRTOS/Source/tasks.o
 .text.prvInitialiseTaskLists
                0x08006024       0x80 Middlewares/Third_Party/FreeRTOS/Source/tasks.o
 .text.prvCheckTasksWaitingTermination
                0x080060a4       0x78 Middlewares/Third_Party/FreeRTOS/Source/tasks.o
 .text.prvDeleteTCB
                0x0800611c       0x20 Middlewares/Third_Party/FreeRTOS/Source/tasks.o
 .text.prvResetNextTaskUnblockTime
                0x0800613c       0x48 Middlewares/Third_Party/FreeRTOS/Source/tasks.o
 .text.xTaskGetSchedulerState
                0x08006184       0x3c Middlewares/Third_Party/FreeRTOS/Source/tasks.o
                0x08006184                xTaskGetSchedulerState
 .text.vTaskPriorityInherit
                0x080061c0       0xec Middlewares/Third_Party/FreeRTOS/Source/tasks.o
                0x080061c0                vTaskPriorityInherit
 .text.xTaskPriorityDisinherit
                0x080062ac      0x108 Middlewares/Third_Party/FreeRTOS/Source/tasks.o
                0x080062ac                xTaskPriorityDisinherit
 .text.pvTaskIncrementMutexHeldCount
                0x080063b4       0x28 Middlewares/Third_Party/FreeRTOS/Source/tasks.o
                0x080063b4                pvTaskIncrementMutexHeldCount
 .text.prvAddCurrentTaskToDelayedList
                0x080063dc       0xcc Middlewares/Third_Party/FreeRTOS/Source/tasks.o
 .text.xTimerCreateTimerTask
                0x080064a8       0x64 Middlewares/Third_Party/FreeRTOS/Source/timers.o
                0x080064a8                xTimerCreateTimerTask
 .text.xTimerCreate
                0x0800650c       0x3a Middlewares/Third_Party/FreeRTOS/Source/timers.o
                0x0800650c                xTimerCreate
 .text.prvInitialiseNewTimer
                0x08006546       0x62 Middlewares/Third_Party/FreeRTOS/Source/timers.o
 .text.xTimerGenericCommand
                0x080065a8       0x98 Middlewares/Third_Party/FreeRTOS/Source/timers.o
                0x080065a8                xTimerGenericCommand
 .text.prvProcessExpiredTimer
                0x08006640       0x80 Middlewares/Third_Party/FreeRTOS/Source/timers.o
 .text.prvTimerTask
                0x080066c0       0x24 Middlewares/Third_Party/FreeRTOS/Source/timers.o
 .text.prvProcessTimerOrBlockTask
                0x080066e4       0x9c Middlewares/Third_Party/FreeRTOS/Source/timers.o
 .text.prvGetNextExpireTime
                0x08006780       0x48 Middlewares/Third_Party/FreeRTOS/Source/timers.o
 .text.prvSampleTimeNow
                0x080067c8       0x40 Middlewares/Third_Party/FreeRTOS/Source/timers.o
 .text.prvInsertTimerInActiveList
                0x08006808       0x84 Middlewares/Third_Party/FreeRTOS/Source/timers.o
 .text.prvProcessReceivedCommands
                0x0800688c      0x124 Middlewares/Third_Party/FreeRTOS/Source/timers.o
 .text.prvSwitchTimerLists
                0x080069b0       0xc0 Middlewares/Third_Party/FreeRTOS/Source/timers.o
 .text.prvCheckForValidListAndQueue
                0x08006a70       0x6c Middlewares/Third_Party/FreeRTOS/Source/timers.o
 .text.pxPortInitialiseStack
                0x08006adc       0x58 Middlewares/Third_Party/FreeRTOS/Source/portable/GCC/ARM_CM3/port.o
                0x08006adc                pxPortInitialiseStack
 .text.prvTaskExitError
                0x08006b34       0x3c Middlewares/Third_Party/FreeRTOS/Source/portable/GCC/ARM_CM3/port.o
 .text.SVC_Handler
                0x08006b70       0x28 Middlewares/Third_Party/FreeRTOS/Source/portable/GCC/ARM_CM3/port.o
                0x08006b70                SVC_Handler
 .text.prvPortStartFirstTask
                0x08006b98       0x20 Middlewares/Third_Party/FreeRTOS/Source/portable/GCC/ARM_CM3/port.o
 .text.xPortStartScheduler
                0x08006bb8       0xbc Middlewares/Third_Party/FreeRTOS/Source/portable/GCC/ARM_CM3/port.o
                0x08006bb8                xPortStartScheduler
 .text.vPortEnterCritical
                0x08006c74       0x5c Middlewares/Third_Party/FreeRTOS/Source/portable/GCC/ARM_CM3/port.o
                0x08006c74                vPortEnterCritical
 .text.vPortExitCritical
                0x08006cd0       0x4c Middlewares/Third_Party/FreeRTOS/Source/portable/GCC/ARM_CM3/port.o
                0x08006cd0                vPortExitCritical
 *fill*         0x08006d1c        0x4 
 .text.PendSV_Handler
                0x08006d20       0x48 Middlewares/Third_Party/FreeRTOS/Source/portable/GCC/ARM_CM3/port.o
                0x08006d20                PendSV_Handler
 .text.xPortSysTickHandler
                0x08006d68       0x40 Middlewares/Third_Party/FreeRTOS/Source/portable/GCC/ARM_CM3/port.o
                0x08006d68                xPortSysTickHandler
 .text.vPortSetupTimerInterrupt
                0x08006da8       0x34 Middlewares/Third_Party/FreeRTOS/Source/portable/GCC/ARM_CM3/port.o
                0x08006da8                vPortSetupTimerInterrupt
 .text.vPortValidateInterruptPriority
                0x08006ddc       0x78 Middlewares/Third_Party/FreeRTOS/Source/portable/GCC/ARM_CM3/port.o
                0x08006ddc                vPortValidateInterruptPriority
 .text.pvPortMalloc
                0x08006e54      0x184 Middlewares/Third_Party/FreeRTOS/Source/portable/MemMang/heap_4.o
                0x08006e54                pvPortMalloc
 .text.vPortFree
                0x08006fd8       0xb0 Middlewares/Third_Party/FreeRTOS/Source/portable/MemMang/heap_4.o
                0x08006fd8                vPortFree
 .text.prvHeapInit
                0x08007088       0xc4 Middlewares/Third_Party/FreeRTOS/Source/portable/MemMang/heap_4.o
 .text.prvInsertBlockIntoFreeList
                0x0800714c       0xb0 Middlewares/Third_Party/FreeRTOS/Source/portable/MemMang/heap_4.o
 .text.MX_MEMS_Library_Init
                0x080071fc        0xc src/app_mems-library.o
                0x080071fc                MX_MEMS_Library_Init
 .text.MX_MEMS_Library_Process
                0x08007208       0x16 src/app_mems-library.o
                0x08007208                MX_MEMS_Library_Process
 *fill*         0x0800721e        0x2 
 .text.MX_IKS01A2_LSM6DSL_9AXES_Init
                0x08007220       0x7c src/app_mems-library.o
                0x08007220                MX_IKS01A2_LSM6DSL_9AXES_Init
 .text.MX_IKS01A2_LSM6DSL_9AXESMode_Process
                0x0800729c      0x164 src/app_mems-library.o
 .text.Get_Orientation
                0x08007400      0x180 src/app_mems-library.o
                0x08007400                Get_Orientation
 .text.BSP_PB_Callback
                0x08007580       0x2c src/app_mems-library.o
                0x08007580                BSP_PB_Callback
 .text.LSM6DSL_FIFO_Demo_Config
                0x080075ac       0x94 src/app_mems-library.o
 .text.LSM6DSL_FIFO_Set_Bypass_Mode
                0x08007640       0x5c src/app_mems-library.o
 .text.LSM6DSL_FIFO_Set_FIFO_Mode
                0x0800769c       0x64 src/app_mems-library.o
 .text.LSM6DSL_Read_All_FIFO_Data
                0x08007700      0x108 src/app_mems-library.o
 .text.LSM6DSL_Read_Single_FIFO_Pattern_Cycle
                0x08007808       0xc8 src/app_mems-library.o
 .text.set_mems_int_pin_a_exti
                0x080078d0       0x38 src/app_mems_int_pin_a_interface.o
                0x080078d0                set_mems_int_pin_a_exti
 .text.mems_int_pin_a_hardware_event_isr
                0x08007908       0x18 src/app_mems_int_pin_a_interface.o
 .text.MX_APP_UART_Init
                0x08007920        0xc src/app_uart_interface.o
                0x08007920                MX_APP_UART_Init
 .text.MX_APP_UART_Transmit
                0x0800792c       0x28 src/app_uart_interface.o
                0x0800792c                MX_APP_UART_Transmit
 .text.erase_pages
                0x08007954       0x70 src/flash.o
                0x08007954                erase_pages
 .text.throw_error_via_led
                0x080079c4       0x20 src/flash.o
                0x080079c4                throw_error_via_led
 .text.write_page_without_erase
                0x080079e4       0x94 src/flash.o
                0x080079e4                write_page_without_erase
 .text.IKS01A2_MOTION_SENSOR_Init
                0x08007a78      0x110 src/iks01a2_motion_sensors.o
                0x08007a78                IKS01A2_MOTION_SENSOR_Init
 .text.IKS01A2_MOTION_SENSOR_SetOutputDataRate
                0x08007b88       0x88 src/iks01a2_motion_sensors.o
                0x08007b88                IKS01A2_MOTION_SENSOR_SetOutputDataRate
 .text.LSM6DSL_0_Probe
                0x08007c10      0x154 src/iks01a2_motion_sensors.o
 .text.IKS01A2_MOTION_SENSOR_Enable_6D_Orientation
                0x08007d64       0x50 src/iks01a2_motion_sensors_ex.o
                0x08007d64                IKS01A2_MOTION_SENSOR_Enable_6D_Orientation
 .text.IKS01A2_MOTION_SENSOR_Get_6D_Orientation_XL
                0x08007db4       0x4c src/iks01a2_motion_sensors_ex.o
                0x08007db4                IKS01A2_MOTION_SENSOR_Get_6D_Orientation_XL
 .text.IKS01A2_MOTION_SENSOR_Get_6D_Orientation_XH
                0x08007e00       0x4c src/iks01a2_motion_sensors_ex.o
                0x08007e00                IKS01A2_MOTION_SENSOR_Get_6D_Orientation_XH
 .text.IKS01A2_MOTION_SENSOR_Get_6D_Orientation_YL
                0x08007e4c       0x4c src/iks01a2_motion_sensors_ex.o
                0x08007e4c                IKS01A2_MOTION_SENSOR_Get_6D_Orientation_YL
 .text.IKS01A2_MOTION_SENSOR_Get_6D_Orientation_YH
                0x08007e98       0x4c src/iks01a2_motion_sensors_ex.o
                0x08007e98                IKS01A2_MOTION_SENSOR_Get_6D_Orientation_YH
 .text.IKS01A2_MOTION_SENSOR_Get_6D_Orientation_ZL
                0x08007ee4       0x4c src/iks01a2_motion_sensors_ex.o
                0x08007ee4                IKS01A2_MOTION_SENSOR_Get_6D_Orientation_ZL
 .text.IKS01A2_MOTION_SENSOR_Get_6D_Orientation_ZH
                0x08007f30       0x4c src/iks01a2_motion_sensors_ex.o
                0x08007f30                IKS01A2_MOTION_SENSOR_Get_6D_Orientation_ZH
 .text.IKS01A2_MOTION_SENSOR_FIFO_Get_Num_Samples
                0x08007f7c       0x4c src/iks01a2_motion_sensors_ex.o
                0x08007f7c                IKS01A2_MOTION_SENSOR_FIFO_Get_Num_Samples
 .text.IKS01A2_MOTION_SENSOR_FIFO_Get_Full_Status
                0x08007fc8       0x4c src/iks01a2_motion_sensors_ex.o
                0x08007fc8                IKS01A2_MOTION_SENSOR_FIFO_Get_Full_Status
 .text.IKS01A2_MOTION_SENSOR_FIFO_Set_Decimation
                0x08008014       0x94 src/iks01a2_motion_sensors_ex.o
                0x08008014                IKS01A2_MOTION_SENSOR_FIFO_Set_Decimation
 .text.IKS01A2_MOTION_SENSOR_FIFO_Set_ODR_Value
                0x080080a8       0x4c src/iks01a2_motion_sensors_ex.o
                0x080080a8                IKS01A2_MOTION_SENSOR_FIFO_Set_ODR_Value
 .text.IKS01A2_MOTION_SENSOR_FIFO_Set_INT1_FIFO_Full
                0x080080f4       0x50 src/iks01a2_motion_sensors_ex.o
                0x080080f4                IKS01A2_MOTION_SENSOR_FIFO_Set_INT1_FIFO_Full
 .text.IKS01A2_MOTION_SENSOR_FIFO_Set_Watermark_Level
                0x08008144       0x50 src/iks01a2_motion_sensors_ex.o
                0x08008144                IKS01A2_MOTION_SENSOR_FIFO_Set_Watermark_Level
 .text.IKS01A2_MOTION_SENSOR_FIFO_Set_Stop_On_Fth
                0x08008194       0x50 src/iks01a2_motion_sensors_ex.o
                0x08008194                IKS01A2_MOTION_SENSOR_FIFO_Set_Stop_On_Fth
 .text.IKS01A2_MOTION_SENSOR_FIFO_Set_Mode
                0x080081e4       0x50 src/iks01a2_motion_sensors_ex.o
                0x080081e4                IKS01A2_MOTION_SENSOR_FIFO_Set_Mode
 .text.IKS01A2_MOTION_SENSOR_FIFO_Get_Pattern
                0x08008234       0x4c src/iks01a2_motion_sensors_ex.o
                0x08008234                IKS01A2_MOTION_SENSOR_FIFO_Get_Pattern
 .text.IKS01A2_MOTION_SENSOR_FIFO_Get_Axis
                0x08008280       0x8c src/iks01a2_motion_sensors_ex.o
                0x08008280                IKS01A2_MOTION_SENSOR_FIFO_Get_Axis
 .text.LSM6DSL_RegisterBusIO
                0x0800830c       0xcc src/lsm6dsl.o
                0x0800830c                LSM6DSL_RegisterBusIO
 .text.LSM6DSL_Init
                0x080083d8       0xd2 src/lsm6dsl.o
                0x080083d8                LSM6DSL_Init
 .text.LSM6DSL_DeInit
                0x080084aa       0x4e src/lsm6dsl.o
                0x080084aa                LSM6DSL_DeInit
 .text.LSM6DSL_ReadID
                0x080084f8       0x2c src/lsm6dsl.o
                0x080084f8                LSM6DSL_ReadID
 .text.LSM6DSL_GetCapabilities
                0x08008524       0x5c src/lsm6dsl.o
                0x08008524                LSM6DSL_GetCapabilities
 .text.LSM6DSL_ACC_Enable
                0x08008580       0x48 src/lsm6dsl.o
                0x08008580                LSM6DSL_ACC_Enable
 .text.LSM6DSL_ACC_Disable
                0x080085c8       0x5e src/lsm6dsl.o
                0x080085c8                LSM6DSL_ACC_Disable
 *fill*         0x08008626        0x2 
 .text.LSM6DSL_ACC_GetSensitivity
                0x08008628       0x8c src/lsm6dsl.o
                0x08008628                LSM6DSL_ACC_GetSensitivity
 .text.LSM6DSL_ACC_GetOutputDataRate
                0x080086b4      0x108 src/lsm6dsl.o
                0x080086b4                LSM6DSL_ACC_GetOutputDataRate
 .text.LSM6DSL_ACC_SetOutputDataRate
                0x080087bc       0x32 src/lsm6dsl.o
                0x080087bc                LSM6DSL_ACC_SetOutputDataRate
 *fill*         0x080087ee        0x2 
 .text.LSM6DSL_ACC_GetFullScale
                0x080087f0       0x7c src/lsm6dsl.o
                0x080087f0                LSM6DSL_ACC_GetFullScale
 .text.LSM6DSL_ACC_SetFullScale
                0x0800886c       0x50 src/lsm6dsl.o
                0x0800886c                LSM6DSL_ACC_SetFullScale
 .text.LSM6DSL_ACC_GetAxesRaw
                0x080088bc       0x48 src/lsm6dsl.o
                0x080088bc                LSM6DSL_ACC_GetAxesRaw
 .text.LSM6DSL_ACC_GetAxes
                0x08008904       0xba src/lsm6dsl.o
                0x08008904                LSM6DSL_ACC_GetAxes
 .text.LSM6DSL_GYRO_Enable
                0x080089be       0x48 src/lsm6dsl.o
                0x080089be                LSM6DSL_GYRO_Enable
 .text.LSM6DSL_GYRO_Disable
                0x08008a06       0x5e src/lsm6dsl.o
                0x08008a06                LSM6DSL_GYRO_Disable
 .text.LSM6DSL_GYRO_GetSensitivity
                0x08008a64       0xa4 src/lsm6dsl.o
                0x08008a64                LSM6DSL_GYRO_GetSensitivity
 .text.LSM6DSL_GYRO_GetOutputDataRate
                0x08008b08       0xf8 src/lsm6dsl.o
                0x08008b08                LSM6DSL_GYRO_GetOutputDataRate
 .text.LSM6DSL_GYRO_SetOutputDataRate
                0x08008c00       0x32 src/lsm6dsl.o
                0x08008c00                LSM6DSL_GYRO_SetOutputDataRate
 *fill*         0x08008c32        0x2 
 .text.LSM6DSL_GYRO_GetFullScale
                0x08008c34       0x94 src/lsm6dsl.o
                0x08008c34                LSM6DSL_GYRO_GetFullScale
 .text.LSM6DSL_GYRO_SetFullScale
                0x08008cc8       0x5e src/lsm6dsl.o
                0x08008cc8                LSM6DSL_GYRO_SetFullScale
 .text.LSM6DSL_GYRO_GetAxesRaw
                0x08008d26       0x48 src/lsm6dsl.o
                0x08008d26                LSM6DSL_GYRO_GetAxesRaw
 .text.LSM6DSL_GYRO_GetAxes
                0x08008d6e       0xb4 src/lsm6dsl.o
                0x08008d6e                LSM6DSL_GYRO_GetAxes
 .text.LSM6DSL_Write_Reg
                0x08008e22       0x36 src/lsm6dsl.o
                0x08008e22                LSM6DSL_Write_Reg
 .text.LSM6DSL_ACC_Enable_6D_Orientation
                0x08008e58       0xf0 src/lsm6dsl.o
                0x08008e58                LSM6DSL_ACC_Enable_6D_Orientation
 .text.LSM6DSL_ACC_Get_6D_Orientation_XL
                0x08008f48       0x40 src/lsm6dsl.o
                0x08008f48                LSM6DSL_ACC_Get_6D_Orientation_XL
 .text.LSM6DSL_ACC_Get_6D_Orientation_XH
                0x08008f88       0x40 src/lsm6dsl.o
                0x08008f88                LSM6DSL_ACC_Get_6D_Orientation_XH
 .text.LSM6DSL_ACC_Get_6D_Orientation_YL
                0x08008fc8       0x40 src/lsm6dsl.o
                0x08008fc8                LSM6DSL_ACC_Get_6D_Orientation_YL
 .text.LSM6DSL_ACC_Get_6D_Orientation_YH
                0x08009008       0x40 src/lsm6dsl.o
                0x08009008                LSM6DSL_ACC_Get_6D_Orientation_YH
 .text.LSM6DSL_ACC_Get_6D_Orientation_ZL
                0x08009048       0x40 src/lsm6dsl.o
                0x08009048                LSM6DSL_ACC_Get_6D_Orientation_ZL
 .text.LSM6DSL_ACC_Get_6D_Orientation_ZH
                0x08009088       0x40 src/lsm6dsl.o
                0x08009088                LSM6DSL_ACC_Get_6D_Orientation_ZH
 .text.LSM6DSL_FIFO_Get_Num_Samples
                0x080090c8       0x2c src/lsm6dsl.o
                0x080090c8                LSM6DSL_FIFO_Get_Num_Samples
 .text.LSM6DSL_FIFO_Get_Full_Status
                0x080090f4       0x40 src/lsm6dsl.o
                0x080090f4                LSM6DSL_FIFO_Get_Full_Status
 .text.LSM6DSL_FIFO_Set_ODR_Value
                0x08009134       0xf8 src/lsm6dsl.o
                0x08009134                LSM6DSL_FIFO_Set_ODR_Value
 .text.LSM6DSL_FIFO_Set_INT1_FIFO_Full
                0x0800922c       0x62 src/lsm6dsl.o
                0x0800922c                LSM6DSL_FIFO_Set_INT1_FIFO_Full
 .text.LSM6DSL_FIFO_Set_Watermark_Level
                0x0800928e       0x30 src/lsm6dsl.o
                0x0800928e                LSM6DSL_FIFO_Set_Watermark_Level
 .text.LSM6DSL_FIFO_Set_Stop_On_Fth
                0x080092be       0x30 src/lsm6dsl.o
                0x080092be                LSM6DSL_FIFO_Set_Stop_On_Fth
 *fill*         0x080092ee        0x2 
 .text.LSM6DSL_FIFO_Set_Mode
                0x080092f0       0x74 src/lsm6dsl.o
                0x080092f0                LSM6DSL_FIFO_Set_Mode
 .text.LSM6DSL_FIFO_Get_Pattern
                0x08009364       0x2c src/lsm6dsl.o
                0x08009364                LSM6DSL_FIFO_Get_Pattern
 .text.LSM6DSL_FIFO_Get_Data
                0x08009390       0x30 src/lsm6dsl.o
                0x08009390                LSM6DSL_FIFO_Get_Data
 .text.LSM6DSL_FIFO_ACC_Set_Decimation
                0x080093c0       0x52 src/lsm6dsl.o
                0x080093c0                LSM6DSL_FIFO_ACC_Set_Decimation
 .text.LSM6DSL_FIFO_ACC_Get_Axis
                0x08009412       0x7e src/lsm6dsl.o
                0x08009412                LSM6DSL_FIFO_ACC_Get_Axis
 .text.LSM6DSL_FIFO_GYRO_Set_Decimation
                0x08009490       0x52 src/lsm6dsl.o
                0x08009490                LSM6DSL_FIFO_GYRO_Set_Decimation
 .text.LSM6DSL_FIFO_GYRO_Get_Axis
                0x080094e2       0x7e src/lsm6dsl.o
                0x080094e2                LSM6DSL_FIFO_GYRO_Get_Axis
 .text.LSM6DSL_ACC_SetOutputDataRate_When_Enabled
                0x08009560       0xf8 src/lsm6dsl.o
 .text.LSM6DSL_ACC_SetOutputDataRate_When_Disabled
                0x08009658       0xe4 src/lsm6dsl.o
 .text.LSM6DSL_GYRO_SetOutputDataRate_When_Enabled
                0x0800973c       0xf8 src/lsm6dsl.o
 .text.LSM6DSL_GYRO_SetOutputDataRate_When_Disabled
                0x08009834       0xe4 src/lsm6dsl.o
 .text.ReadRegWrap
                0x08009918       0x36 src/lsm6dsl.o
 .text.WriteRegWrap
                0x0800994e       0x36 src/lsm6dsl.o
 .text.lsm6dsl_read_reg
                0x08009984       0x30 src/lsm6dsl_reg.o
                0x08009984                lsm6dsl_read_reg
 .text.lsm6dsl_write_reg
                0x080099b4       0x30 src/lsm6dsl_reg.o
                0x080099b4                lsm6dsl_write_reg
 .text.lsm6dsl_xl_full_scale_set
                0x080099e4       0x4c src/lsm6dsl_reg.o
                0x080099e4                lsm6dsl_xl_full_scale_set
 .text.lsm6dsl_xl_full_scale_get
                0x08009a30       0x70 src/lsm6dsl_reg.o
                0x08009a30                lsm6dsl_xl_full_scale_get
 .text.lsm6dsl_xl_data_rate_set
                0x08009aa0       0x4c src/lsm6dsl_reg.o
                0x08009aa0                lsm6dsl_xl_data_rate_set
 .text.lsm6dsl_xl_data_rate_get
                0x08009aec       0xd0 src/lsm6dsl_reg.o
                0x08009aec                lsm6dsl_xl_data_rate_get
 .text.lsm6dsl_gy_full_scale_set
                0x08009bbc       0x4c src/lsm6dsl_reg.o
                0x08009bbc                lsm6dsl_gy_full_scale_set
 .text.lsm6dsl_gy_full_scale_get
                0x08009c08       0x84 src/lsm6dsl_reg.o
                0x08009c08                lsm6dsl_gy_full_scale_get
 .text.lsm6dsl_gy_data_rate_set
                0x08009c8c       0x4c src/lsm6dsl_reg.o
                0x08009c8c                lsm6dsl_gy_data_rate_set
 .text.lsm6dsl_gy_data_rate_get
                0x08009cd8       0xc4 src/lsm6dsl_reg.o
                0x08009cd8                lsm6dsl_gy_data_rate_get
 .text.lsm6dsl_block_data_update_set
                0x08009d9c       0x4c src/lsm6dsl_reg.o
                0x08009d9c                lsm6dsl_block_data_update_set
 .text.lsm6dsl_angular_rate_raw_get
                0x08009de8       0x20 src/lsm6dsl_reg.o
                0x08009de8                lsm6dsl_angular_rate_raw_get
 .text.lsm6dsl_acceleration_raw_get
                0x08009e08       0x20 src/lsm6dsl_reg.o
                0x08009e08                lsm6dsl_acceleration_raw_get
 .text.lsm6dsl_device_id_get
                0x08009e28       0x20 src/lsm6dsl_reg.o
                0x08009e28                lsm6dsl_device_id_get
 .text.lsm6dsl_auto_increment_set
                0x08009e48       0x4c src/lsm6dsl_reg.o
                0x08009e48                lsm6dsl_auto_increment_set
 .text.lsm6dsl_pin_int1_route_set
                0x08009e94      0x264 src/lsm6dsl_reg.o
                0x08009e94                lsm6dsl_pin_int1_route_set
 .text.lsm6dsl_pin_int1_route_get
                0x0800a0f8      0x1ac src/lsm6dsl_reg.o
                0x0800a0f8                lsm6dsl_pin_int1_route_get
 .text.lsm6dsl_pin_int2_route_set
                0x0800a2a4      0x22e src/lsm6dsl_reg.o
                0x0800a2a4                lsm6dsl_pin_int2_route_set
 .text.lsm6dsl_pin_int2_route_get
                0x0800a4d2      0x184 src/lsm6dsl_reg.o
                0x0800a4d2                lsm6dsl_pin_int2_route_get
 .text.lsm6dsl_6d_threshold_set
                0x0800a656       0x4c src/lsm6dsl_reg.o
                0x0800a656                lsm6dsl_6d_threshold_set
 .text.lsm6dsl_fifo_watermark_set
                0x0800a6a2       0x58 src/lsm6dsl_reg.o
                0x0800a6a2                lsm6dsl_fifo_watermark_set
 .text.lsm6dsl_fifo_data_level_get
                0x0800a6fa       0x3e src/lsm6dsl_reg.o
                0x0800a6fa                lsm6dsl_fifo_data_level_get
 .text.lsm6dsl_fifo_pattern_get
                0x0800a738       0x3e src/lsm6dsl_reg.o
                0x0800a738                lsm6dsl_fifo_pattern_get
 .text.lsm6dsl_fifo_xl_batch_set
                0x0800a776       0x4c src/lsm6dsl_reg.o
                0x0800a776                lsm6dsl_fifo_xl_batch_set
 .text.lsm6dsl_fifo_gy_batch_set
                0x0800a7c2       0x4c src/lsm6dsl_reg.o
                0x0800a7c2                lsm6dsl_fifo_gy_batch_set
 .text.lsm6dsl_fifo_stop_on_wtm_set
                0x0800a80e       0x4c src/lsm6dsl_reg.o
                0x0800a80e                lsm6dsl_fifo_stop_on_wtm_set
 .text.lsm6dsl_fifo_mode_set
                0x0800a85a       0x4c src/lsm6dsl_reg.o
                0x0800a85a                lsm6dsl_fifo_mode_set
 .text.lsm6dsl_fifo_data_rate_set
                0x0800a8a6       0x4c src/lsm6dsl_reg.o
                0x0800a8a6                lsm6dsl_fifo_data_rate_set
 *fill*         0x0800a8f2        0x2 
 .text.main     0x0800a8f4       0x9c src/main.o
                0x0800a8f4                main
 .text.test_flash
                0x0800a990       0x50 src/main.o
                0x0800a990                test_flash
 .text.vTaskUserButton
                0x0800a9e0       0x48 src/main.o
                0x0800a9e0                vTaskUserButton
 .text.vTimerCallback
                0x0800aa28       0x28 src/main.o
                0x0800aa28                vTimerCallback
 .text.SystemClock_Config
                0x0800aa50       0xb4 src/main.o
                0x0800aa50                SystemClock_Config
 .text.MX_USART2_UART_Init
                0x0800ab04       0x5c src/main.o
                0x0800ab04                MX_USART2_UART_Init
 .text.MX_GPIO_Init
                0x0800ab60       0xfc src/main.o
 .text._Error_Handler
                0x0800ac5c        0xc src/main.o
                0x0800ac5c                _Error_Handler
 .text.BSP_I2C1_Init
                0x0800ac68       0x4c src/nucleo_l152re_bus.o
                0x0800ac68                BSP_I2C1_Init
 .text.BSP_I2C1_DeInit
                0x0800acb4       0x30 src/nucleo_l152re_bus.o
                0x0800acb4                BSP_I2C1_DeInit
 .text.BSP_I2C1_WriteReg
                0x0800ace4       0x54 src/nucleo_l152re_bus.o
                0x0800ace4                BSP_I2C1_WriteReg
 .text.BSP_I2C1_ReadReg
                0x0800ad38       0x50 src/nucleo_l152re_bus.o
                0x0800ad38                BSP_I2C1_ReadReg
 .text.BSP_GetTick
                0x0800ad88        0xe src/nucleo_l152re_bus.o
                0x0800ad88                BSP_GetTick
 *fill*         0x0800ad96        0x2 
 .text.MX_I2C1_Init
                0x0800ad98       0x68 src/nucleo_l152re_bus.o
                0x0800ad98                MX_I2C1_Init
 .text.I2C1_MspInit
                0x0800ae00       0x54 src/nucleo_l152re_bus.o
 .text.I2C1_MspDeInit
                0x0800ae54       0x30 src/nucleo_l152re_bus.o
 .text.BSP_LED_Init
                0x0800ae84       0x6c src/stm32_common_bsp.o
                0x0800ae84                BSP_LED_Init
 .text.BSP_LED_On
                0x0800aef0       0x2c src/stm32_common_bsp.o
                0x0800aef0                BSP_LED_On
 .text.BSP_LED_Off
                0x0800af1c       0x2c src/stm32_common_bsp.o
                0x0800af1c                BSP_LED_Off
 .text.BSP_LED_Toggle
                0x0800af48       0x2c src/stm32_common_bsp.o
                0x0800af48                BSP_LED_Toggle
 .text.BSP_PB_Init
                0x0800af74       0xd8 src/stm32_common_bsp.o
                0x0800af74                BSP_PB_Init
 .text.BSP_PB_GetState
                0x0800b04c       0x2c src/stm32_common_bsp.o
                0x0800b04c                BSP_PB_GetState
 .text.BUTTON_KEY_EXTI_Callback
                0x0800b078        0xe src/stm32_common_bsp.o
 .text.HAL_EXTI_RegisterCallback
                0x0800b086       0x32 src/stm32l1xx_hal_exti.o
                0x0800b086                HAL_EXTI_RegisterCallback
 .text.HAL_EXTI_GetHandle
                0x0800b0b8       0x26 src/stm32l1xx_hal_exti.o
                0x0800b0b8                HAL_EXTI_GetHandle
 *fill*         0x0800b0de        0x2 
 .text.HAL_EXTI_IRQHandler
                0x0800b0e0       0x48 src/stm32l1xx_hal_exti.o
                0x0800b0e0                HAL_EXTI_IRQHandler
 .text.HAL_MspInit
                0x0800b128       0xb4 src/stm32l1xx_hal_msp.o
                0x0800b128                HAL_MspInit
 .text.HAL_UART_MspInit
                0x0800b1dc       0x60 src/stm32l1xx_hal_msp.o
                0x0800b1dc                HAL_UART_MspInit
 .text.SysTick_Handler
                0x0800b23c       0x14 src/stm32l1xx_it.o
                0x0800b23c                SysTick_Handler
 .text.EXTI9_5_IRQHandler
                0x0800b250       0x14 src/stm32l1xx_it.o
                0x0800b250                EXTI9_5_IRQHandler
 .text.EXTI15_10_IRQHandler
                0x0800b264       0x14 src/stm32l1xx_it.o
                0x0800b264                EXTI15_10_IRQHandler
 .text._read    0x0800b278       0x3a src/syscalls.o
                0x0800b278                _read
 .text._write   0x0800b2b2       0x38 src/syscalls.o
                0x0800b2b2                _write
 *fill*         0x0800b2ea        0x2 
 .text._sbrk    0x0800b2ec       0x58 src/syscalls.o
                0x0800b2ec                _sbrk
 .text._close   0x0800b344       0x16 src/syscalls.o
                0x0800b344                _close
 .text._fstat   0x0800b35a       0x1e src/syscalls.o
                0x0800b35a                _fstat
 .text._isatty  0x0800b378       0x14 src/syscalls.o
                0x0800b378                _isatty
 .text._lseek   0x0800b38c       0x18 src/syscalls.o
                0x0800b38c                _lseek
 .text.SystemInit
                0x0800b3a4       0x68 src/system_stm32l1xx.o
                0x0800b3a4                SystemInit
 .text.Reset_Handler
                0x0800b40c       0x48 startup/startup_stm32l152xe.o
                0x0800b40c                Reset_Handler
 .text.Default_Handler
                0x0800b454        0x2 startup/startup_stm32l152xe.o
                0x0800b454                RTC_Alarm_IRQHandler
                0x0800b454                EXTI2_IRQHandler
                0x0800b454                COMP_ACQ_IRQHandler
                0x0800b454                DebugMon_Handler
                0x0800b454                HardFault_Handler
                0x0800b454                TIM10_IRQHandler
                0x0800b454                USB_HP_IRQHandler
                0x0800b454                TIM6_IRQHandler
                0x0800b454                PVD_IRQHandler
                0x0800b454                NMI_Handler
                0x0800b454                EXTI3_IRQHandler
                0x0800b454                EXTI0_IRQHandler
                0x0800b454                I2C2_EV_IRQHandler
                0x0800b454                UsageFault_Handler
                0x0800b454                SPI1_IRQHandler
                0x0800b454                USB_FS_WKUP_IRQHandler
                0x0800b454                DMA2_Channel2_IRQHandler
                0x0800b454                DMA1_Channel4_IRQHandler
                0x0800b454                ADC1_IRQHandler
                0x0800b454                USART3_IRQHandler
                0x0800b454                DMA1_Channel7_IRQHandler
                0x0800b454                LCD_IRQHandler
                0x0800b454                UART5_IRQHandler
                0x0800b454                TIM4_IRQHandler
                0x0800b454                DMA2_Channel1_IRQHandler
                0x0800b454                I2C1_EV_IRQHandler
                0x0800b454                DMA1_Channel6_IRQHandler
                0x0800b454                UART4_IRQHandler
                0x0800b454                DMA2_Channel4_IRQHandler
                0x0800b454                TIM3_IRQHandler
                0x0800b454                RCC_IRQHandler
                0x0800b454                DMA1_Channel1_IRQHandler
                0x0800b454                Default_Handler
                0x0800b454                TIM7_IRQHandler
                0x0800b454                TIM5_IRQHandler
                0x0800b454                TIM9_IRQHandler
                0x0800b454                TAMPER_STAMP_IRQHandler
                0x0800b454                RTC_WKUP_IRQHandler
                0x0800b454                SPI2_IRQHandler
                0x0800b454                MemManage_Handler
                0x0800b454                DMA2_Channel5_IRQHandler
                0x0800b454                DMA1_Channel5_IRQHandler
                0x0800b454                USB_LP_IRQHandler
                0x0800b454                EXTI4_IRQHandler
                0x0800b454                DMA1_Channel3_IRQHandler
                0x0800b454                COMP_IRQHandler
                0x0800b454                WWDG_IRQHandler
                0x0800b454                TIM2_IRQHandler
                0x0800b454                DAC_IRQHandler
                0x0800b454                EXTI1_IRQHandler
                0x0800b454                TIM11_IRQHandler
                0x0800b454                USART2_IRQHandler
                0x0800b454                I2C2_ER_IRQHandler
                0x0800b454                DMA1_Channel2_IRQHandler
                0x0800b454                FLASH_IRQHandler
                0x0800b454                BusFault_Handler
                0x0800b454                USART1_IRQHandler
                0x0800b454                SPI3_IRQHandler
                0x0800b454                I2C1_ER_IRQHandler
                0x0800b454                DMA2_Channel3_IRQHandler
 *fill*         0x0800b456        0x2 
 .text.__errno  0x0800b458        0xc c:/ac6/systemworkbench/plugins/fr.ac6.mcu.externaltools.arm-none.win32_1.16.0.201807130628/tools/compiler/bin/../lib/gcc/arm-none-eabi/7.2.1/../../../../arm-none-eabi/lib/thumb/v7-m\libc.a(lib_a-errno.o)
                0x0800b458                __errno
 .text.__libc_init_array
                0x0800b464       0x48 c:/ac6/systemworkbench/plugins/fr.ac6.mcu.externaltools.arm-none.win32_1.16.0.201807130628/tools/compiler/bin/../lib/gcc/arm-none-eabi/7.2.1/../../../../arm-none-eabi/lib/thumb/v7-m\libc.a(lib_a-init.o)
                0x0800b464                __libc_init_array
 .text.memset   0x0800b4ac       0x94 c:/ac6/systemworkbench/plugins/fr.ac6.mcu.externaltools.arm-none.win32_1.16.0.201807130628/tools/compiler/bin/../lib/gcc/arm-none-eabi/7.2.1/../../../../arm-none-eabi/lib/thumb/v7-m\libc.a(lib_a-memset.o)
                0x0800b4ac                memset
 .text.printf   0x0800b540       0x28 c:/ac6/systemworkbench/plugins/fr.ac6.mcu.externaltools.arm-none.win32_1.16.0.201807130628/tools/compiler/bin/../lib/gcc/arm-none-eabi/7.2.1/../../../../arm-none-eabi/lib/thumb/v7-m\libc.a(lib_a-printf.o)
                0x0800b540                printf
 .text.snprintf
                0x0800b568       0x8c c:/ac6/systemworkbench/plugins/fr.ac6.mcu.externaltools.arm-none.win32_1.16.0.201807130628/tools/compiler/bin/../lib/gcc/arm-none-eabi/7.2.1/../../../../arm-none-eabi/lib/thumb/v7-m\libc.a(lib_a-snprintf.o)
                0x0800b568                snprintf
 .text.strlen   0x0800b5f4       0x5c c:/ac6/systemworkbench/plugins/fr.ac6.mcu.externaltools.arm-none.win32_1.16.0.201807130628/tools/compiler/bin/../lib/gcc/arm-none-eabi/7.2.1/../../../../arm-none-eabi/lib/thumb/v7-m\libc.a(lib_a-strlen-stub.o)
                0x0800b5f4                strlen
 .text._svfprintf_r
                0x0800b650     0x14ec c:/ac6/systemworkbench/plugins/fr.ac6.mcu.externaltools.arm-none.win32_1.16.0.201807130628/tools/compiler/bin/../lib/gcc/arm-none-eabi/7.2.1/../../../../arm-none-eabi/lib/thumb/v7-m\libc.a(lib_a-svfprintf.o)
                0x0800b650                _svfprintf_r
 .text._vfprintf_r
                0x0800cb3c     0x1558 c:/ac6/systemworkbench/plugins/fr.ac6.mcu.externaltools.arm-none.win32_1.16.0.201807130628/tools/compiler/bin/../lib/gcc/arm-none-eabi/7.2.1/../../../../arm-none-eabi/lib/thumb/v7-m\libc.a(lib_a-vfprintf.o)
                0x0800cb3c                _vfprintf_r
 .text.__sbprintf
                0x0800e094       0x88 c:/ac6/systemworkbench/plugins/fr.ac6.mcu.externaltools.arm-none.win32_1.16.0.201807130628/tools/compiler/bin/../lib/gcc/arm-none-eabi/7.2.1/../../../../arm-none-eabi/lib/thumb/v7-m\libc.a(lib_a-vfprintf.o)
 .text.__swsetup_r
                0x0800e11c       0xcc c:/ac6/systemworkbench/plugins/fr.ac6.mcu.externaltools.arm-none.win32_1.16.0.201807130628/tools/compiler/bin/../lib/gcc/arm-none-eabi/7.2.1/../../../../arm-none-eabi/lib/thumb/v7-m\libc.a(lib_a-wsetup.o)
                0x0800e11c                __swsetup_r
 .text.startup.register_fini
                0x0800e1e8       0x14 c:/ac6/systemworkbench/plugins/fr.ac6.mcu.externaltools.arm-none.win32_1.16.0.201807130628/tools/compiler/bin/../lib/gcc/arm-none-eabi/7.2.1/../../../../arm-none-eabi/lib/thumb/v7-m\libc.a(lib_a-__call_atexit.o)
 .text.atexit   0x0800e1fc        0xc c:/ac6/systemworkbench/plugins/fr.ac6.mcu.externaltools.arm-none.win32_1.16.0.201807130628/tools/compiler/bin/../lib/gcc/arm-none-eabi/7.2.1/../../../../arm-none-eabi/lib/thumb/v7-m\libc.a(lib_a-atexit.o)
                0x0800e1fc                atexit
 .text.quorem   0x0800e208      0x124 c:/ac6/systemworkbench/plugins/fr.ac6.mcu.externaltools.arm-none.win32_1.16.0.201807130628/tools/compiler/bin/../lib/gcc/arm-none-eabi/7.2.1/../../../../arm-none-eabi/lib/thumb/v7-m\libc.a(lib_a-dtoa.o)
 *fill*         0x0800e32c        0x4 
 .text._dtoa_r  0x0800e330      0xe30 c:/ac6/systemworkbench/plugins/fr.ac6.mcu.externaltools.arm-none.win32_1.16.0.201807130628/tools/compiler/bin/../lib/gcc/arm-none-eabi/7.2.1/../../../../arm-none-eabi/lib/thumb/v7-m\libc.a(lib_a-dtoa.o)
                0x0800e330                _dtoa_r
 .text.__sflush_r
                0x0800f160      0x154 c:/ac6/systemworkbench/plugins/fr.ac6.mcu.externaltools.arm-none.win32_1.16.0.201807130628/tools/compiler/bin/../lib/gcc/arm-none-eabi/7.2.1/../../../../arm-none-eabi/lib/thumb/v7-m\libc.a(lib_a-fflush.o)
                0x0800f160                __sflush_r
 .text._fflush_r
                0x0800f2b4       0x5c c:/ac6/systemworkbench/plugins/fr.ac6.mcu.externaltools.arm-none.win32_1.16.0.201807130628/tools/compiler/bin/../lib/gcc/arm-none-eabi/7.2.1/../../../../arm-none-eabi/lib/thumb/v7-m\libc.a(lib_a-fflush.o)
                0x0800f2b4                _fflush_r
 .text.std      0x0800f310       0x50 c:/ac6/systemworkbench/plugins/fr.ac6.mcu.externaltools.arm-none.win32_1.16.0.201807130628/tools/compiler/bin/../lib/gcc/arm-none-eabi/7.2.1/../../../../arm-none-eabi/lib/thumb/v7-m\libc.a(lib_a-findfp.o)
 .text._cleanup_r
                0x0800f360        0xc c:/ac6/systemworkbench/plugins/fr.ac6.mcu.externaltools.arm-none.win32_1.16.0.201807130628/tools/compiler/bin/../lib/gcc/arm-none-eabi/7.2.1/../../../../arm-none-eabi/lib/thumb/v7-m\libc.a(lib_a-findfp.o)
                0x0800f360                _cleanup_r
 .text.__sinit  0x0800f36c       0x60 c:/ac6/systemworkbench/plugins/fr.ac6.mcu.externaltools.arm-none.win32_1.16.0.201807130628/tools/compiler/bin/../lib/gcc/arm-none-eabi/7.2.1/../../../../arm-none-eabi/lib/thumb/v7-m\libc.a(lib_a-findfp.o)
                0x0800f36c                __sinit
 .text.__sfp_lock_acquire
                0x0800f3cc        0xc c:/ac6/systemworkbench/plugins/fr.ac6.mcu.externaltools.arm-none.win32_1.16.0.201807130628/tools/compiler/bin/../lib/gcc/arm-none-eabi/7.2.1/../../../../arm-none-eabi/lib/thumb/v7-m\libc.a(lib_a-findfp.o)
                0x0800f3cc                __sfp_lock_acquire
 .text.__sfp_lock_release
                0x0800f3d8        0xc c:/ac6/systemworkbench/plugins/fr.ac6.mcu.externaltools.arm-none.win32_1.16.0.201807130628/tools/compiler/bin/../lib/gcc/arm-none-eabi/7.2.1/../../../../arm-none-eabi/lib/thumb/v7-m\libc.a(lib_a-findfp.o)
                0x0800f3d8                __sfp_lock_release
 .text.__libc_fini_array
                0x0800f3e4       0x34 c:/ac6/systemworkbench/plugins/fr.ac6.mcu.externaltools.arm-none.win32_1.16.0.201807130628/tools/compiler/bin/../lib/gcc/arm-none-eabi/7.2.1/../../../../arm-none-eabi/lib/thumb/v7-m\libc.a(lib_a-fini.o)
                0x0800f3e4                __libc_fini_array
 .text._malloc_trim_r
                0x0800f418       0xa0 c:/ac6/systemworkbench/plugins/fr.ac6.mcu.externaltools.arm-none.win32_1.16.0.201807130628/tools/compiler/bin/../lib/gcc/arm-none-eabi/7.2.1/../../../../arm-none-eabi/lib/thumb/v7-m\libc.a(lib_a-freer.o)
                0x0800f418                _malloc_trim_r
 .text._free_r  0x0800f4b8      0x1e8 c:/ac6/systemworkbench/plugins/fr.ac6.mcu.externaltools.arm-none.win32_1.16.0.201807130628/tools/compiler/bin/../lib/gcc/arm-none-eabi/7.2.1/../../../../arm-none-eabi/lib/thumb/v7-m\libc.a(lib_a-freer.o)
                0x0800f4b8                _free_r
 .text._fwalk_reent
                0x0800f6a0       0x50 c:/ac6/systemworkbench/plugins/fr.ac6.mcu.externaltools.arm-none.win32_1.16.0.201807130628/tools/compiler/bin/../lib/gcc/arm-none-eabi/7.2.1/../../../../arm-none-eabi/lib/thumb/v7-m\libc.a(lib_a-fwalk.o)
                0x0800f6a0                _fwalk_reent
 .text._localeconv_r
                0x0800f6f0       0x1c c:/ac6/systemworkbench/plugins/fr.ac6.mcu.externaltools.arm-none.win32_1.16.0.201807130628/tools/compiler/bin/../lib/gcc/arm-none-eabi/7.2.1/../../../../arm-none-eabi/lib/thumb/v7-m\libc.a(lib_a-localeconv.o)
                0x0800f6f0                _localeconv_r
 .text.__retarget_lock_init_recursive
                0x0800f70c        0x4 c:/ac6/systemworkbench/plugins/fr.ac6.mcu.externaltools.arm-none.win32_1.16.0.201807130628/tools/compiler/bin/../lib/gcc/arm-none-eabi/7.2.1/../../../../arm-none-eabi/lib/thumb/v7-m\libc.a(lib_a-lock.o)
                0x0800f70c                __retarget_lock_init_recursive
 .text.__retarget_lock_close_recursive
                0x0800f710        0x4 c:/ac6/systemworkbench/plugins/fr.ac6.mcu.externaltools.arm-none.win32_1.16.0.201807130628/tools/compiler/bin/../lib/gcc/arm-none-eabi/7.2.1/../../../../arm-none-eabi/lib/thumb/v7-m\libc.a(lib_a-lock.o)
                0x0800f710                __retarget_lock_close_recursive
 .text.__retarget_lock_acquire_recursive
                0x0800f714        0x4 c:/ac6/systemworkbench/plugins/fr.ac6.mcu.externaltools.arm-none.win32_1.16.0.201807130628/tools/compiler/bin/../lib/gcc/arm-none-eabi/7.2.1/../../../../arm-none-eabi/lib/thumb/v7-m\libc.a(lib_a-lock.o)
                0x0800f714                __retarget_lock_acquire_recursive
 .text.__retarget_lock_release_recursive
                0x0800f718        0x4 c:/ac6/systemworkbench/plugins/fr.ac6.mcu.externaltools.arm-none.win32_1.16.0.201807130628/tools/compiler/bin/../lib/gcc/arm-none-eabi/7.2.1/../../../../arm-none-eabi/lib/thumb/v7-m\libc.a(lib_a-lock.o)
                0x0800f718                __retarget_lock_release_recursive
 .text.__swhatbuf_r
                0x0800f71c       0x5c c:/ac6/systemworkbench/plugins/fr.ac6.mcu.externaltools.arm-none.win32_1.16.0.201807130628/tools/compiler/bin/../lib/gcc/arm-none-eabi/7.2.1/../../../../arm-none-eabi/lib/thumb/v7-m\libc.a(lib_a-makebuf.o)
                0x0800f71c                __swhatbuf_r
 .text.__smakebuf_r
                0x0800f778       0x94 c:/ac6/systemworkbench/plugins/fr.ac6.mcu.externaltools.arm-none.win32_1.16.0.201807130628/tools/compiler/bin/../lib/gcc/arm-none-eabi/7.2.1/../../../../arm-none-eabi/lib/thumb/v7-m\libc.a(lib_a-makebuf.o)
                0x0800f778                __smakebuf_r
 .text._malloc_r
                0x0800f80c      0x524 c:/ac6/systemworkbench/plugins/fr.ac6.mcu.externaltools.arm-none.win32_1.16.0.201807130628/tools/compiler/bin/../lib/gcc/arm-none-eabi/7.2.1/../../../../arm-none-eabi/lib/thumb/v7-m\libc.a(lib_a-mallocr.o)
                0x0800f80c                _malloc_r
 .text.memchr   0x0800fd30       0x8c c:/ac6/systemworkbench/plugins/fr.ac6.mcu.externaltools.arm-none.win32_1.16.0.201807130628/tools/compiler/bin/../lib/gcc/arm-none-eabi/7.2.1/../../../../arm-none-eabi/lib/thumb/v7-m\libc.a(lib_a-memchr-stub.o)
                0x0800fd30                memchr
 .text.__malloc_lock
                0x0800fdbc        0xc c:/ac6/systemworkbench/plugins/fr.ac6.mcu.externaltools.arm-none.win32_1.16.0.201807130628/tools/compiler/bin/../lib/gcc/arm-none-eabi/7.2.1/../../../../arm-none-eabi/lib/thumb/v7-m\libc.a(lib_a-mlock.o)
                0x0800fdbc                __malloc_lock
 .text.__malloc_unlock
                0x0800fdc8        0xc c:/ac6/systemworkbench/plugins/fr.ac6.mcu.externaltools.arm-none.win32_1.16.0.201807130628/tools/compiler/bin/../lib/gcc/arm-none-eabi/7.2.1/../../../../arm-none-eabi/lib/thumb/v7-m\libc.a(lib_a-mlock.o)
                0x0800fdc8                __malloc_unlock
 .text._Balloc  0x0800fdd4       0x4c c:/ac6/systemworkbench/plugins/fr.ac6.mcu.externaltools.arm-none.win32_1.16.0.201807130628/tools/compiler/bin/../lib/gcc/arm-none-eabi/7.2.1/../../../../arm-none-eabi/lib/thumb/v7-m\libc.a(lib_a-mprec.o)
                0x0800fdd4                _Balloc
 .text._Bfree   0x0800fe20       0x14 c:/ac6/systemworkbench/plugins/fr.ac6.mcu.externaltools.arm-none.win32_1.16.0.201807130628/tools/compiler/bin/../lib/gcc/arm-none-eabi/7.2.1/../../../../arm-none-eabi/lib/thumb/v7-m\libc.a(lib_a-mprec.o)
                0x0800fe20                _Bfree
 .text.__multadd
                0x0800fe34       0x84 c:/ac6/systemworkbench/plugins/fr.ac6.mcu.externaltools.arm-none.win32_1.16.0.201807130628/tools/compiler/bin/../lib/gcc/arm-none-eabi/7.2.1/../../../../arm-none-eabi/lib/thumb/v7-m\libc.a(lib_a-mprec.o)
                0x0800fe34                __multadd
 .text.__hi0bits
                0x0800feb8       0x40 c:/ac6/systemworkbench/plugins/fr.ac6.mcu.externaltools.arm-none.win32_1.16.0.201807130628/tools/compiler/bin/../lib/gcc/arm-none-eabi/7.2.1/../../../../arm-none-eabi/lib/thumb/v7-m\libc.a(lib_a-mprec.o)
                0x0800feb8                __hi0bits
 .text.__lo0bits
                0x0800fef8       0x60 c:/ac6/systemworkbench/plugins/fr.ac6.mcu.externaltools.arm-none.win32_1.16.0.201807130628/tools/compiler/bin/../lib/gcc/arm-none-eabi/7.2.1/../../../../arm-none-eabi/lib/thumb/v7-m\libc.a(lib_a-mprec.o)
                0x0800fef8                __lo0bits
 .text.__i2b    0x0800ff58       0x14 c:/ac6/systemworkbench/plugins/fr.ac6.mcu.externaltools.arm-none.win32_1.16.0.201807130628/tools/compiler/bin/../lib/gcc/arm-none-eabi/7.2.1/../../../../arm-none-eabi/lib/thumb/v7-m\libc.a(lib_a-mprec.o)
                0x0800ff58                __i2b
 .text.__multiply
                0x0800ff6c      0x14c c:/ac6/systemworkbench/plugins/fr.ac6.mcu.externaltools.arm-none.win32_1.16.0.201807130628/tools/compiler/bin/../lib/gcc/arm-none-eabi/7.2.1/../../../../arm-none-eabi/lib/thumb/v7-m\libc.a(lib_a-mprec.o)
                0x0800ff6c                __multiply
 .text.__pow5mult
                0x080100b8       0xa0 c:/ac6/systemworkbench/plugins/fr.ac6.mcu.externaltools.arm-none.win32_1.16.0.201807130628/tools/compiler/bin/../lib/gcc/arm-none-eabi/7.2.1/../../../../arm-none-eabi/lib/thumb/v7-m\libc.a(lib_a-mprec.o)
                0x080100b8                __pow5mult
 .text.__lshift
                0x08010158       0xb4 c:/ac6/systemworkbench/plugins/fr.ac6.mcu.externaltools.arm-none.win32_1.16.0.201807130628/tools/compiler/bin/../lib/gcc/arm-none-eabi/7.2.1/../../../../arm-none-eabi/lib/thumb/v7-m\libc.a(lib_a-mprec.o)
                0x08010158                __lshift
 .text.__mcmp   0x0801020c       0x38 c:/ac6/systemworkbench/plugins/fr.ac6.mcu.externaltools.arm-none.win32_1.16.0.201807130628/tools/compiler/bin/../lib/gcc/arm-none-eabi/7.2.1/../../../../arm-none-eabi/lib/thumb/v7-m\libc.a(lib_a-mprec.o)
                0x0801020c                __mcmp
 .text.__mdiff  0x08010244      0x100 c:/ac6/systemworkbench/plugins/fr.ac6.mcu.externaltools.arm-none.win32_1.16.0.201807130628/tools/compiler/bin/../lib/gcc/arm-none-eabi/7.2.1/../../../../arm-none-eabi/lib/thumb/v7-m\libc.a(lib_a-mprec.o)
                0x08010244                __mdiff
 .text.__d2b    0x08010344       0xb0 c:/ac6/systemworkbench/plugins/fr.ac6.mcu.externaltools.arm-none.win32_1.16.0.201807130628/tools/compiler/bin/../lib/gcc/arm-none-eabi/7.2.1/../../../../arm-none-eabi/lib/thumb/v7-m\libc.a(lib_a-mprec.o)
                0x08010344                __d2b
 .text._sbrk_r  0x080103f4       0x24 c:/ac6/systemworkbench/plugins/fr.ac6.mcu.externaltools.arm-none.win32_1.16.0.201807130628/tools/compiler/bin/../lib/gcc/arm-none-eabi/7.2.1/../../../../arm-none-eabi/lib/thumb/v7-m\libc.a(lib_a-sbrkr.o)
                0x080103f4                _sbrk_r
 .text.__sread  0x08010418       0x24 c:/ac6/systemworkbench/plugins/fr.ac6.mcu.externaltools.arm-none.win32_1.16.0.201807130628/tools/compiler/bin/../lib/gcc/arm-none-eabi/7.2.1/../../../../arm-none-eabi/lib/thumb/v7-m\libc.a(lib_a-stdio.o)
                0x08010418                __sread
 .text.__swrite
                0x0801043c       0x3c c:/ac6/systemworkbench/plugins/fr.ac6.mcu.externaltools.arm-none.win32_1.16.0.201807130628/tools/compiler/bin/../lib/gcc/arm-none-eabi/7.2.1/../../../../arm-none-eabi/lib/thumb/v7-m\libc.a(lib_a-stdio.o)
                0x0801043c                __swrite
 .text.__sseek  0x08010478       0x20 c:/ac6/systemworkbench/plugins/fr.ac6.mcu.externaltools.arm-none.win32_1.16.0.201807130628/tools/compiler/bin/../lib/gcc/arm-none-eabi/7.2.1/../../../../arm-none-eabi/lib/thumb/v7-m\libc.a(lib_a-stdio.o)
                0x08010478                __sseek
 .text.__sclose
                0x08010498        0x8 c:/ac6/systemworkbench/plugins/fr.ac6.mcu.externaltools.arm-none.win32_1.16.0.201807130628/tools/compiler/bin/../lib/gcc/arm-none-eabi/7.2.1/../../../../arm-none-eabi/lib/thumb/v7-m\libc.a(lib_a-stdio.o)
                0x08010498                __sclose
 .text.__ssprint_r
                0x080104a0       0xf4 c:/ac6/systemworkbench/plugins/fr.ac6.mcu.externaltools.arm-none.win32_1.16.0.201807130628/tools/compiler/bin/../lib/gcc/arm-none-eabi/7.2.1/../../../../arm-none-eabi/lib/thumb/v7-m\libc.a(lib_a-svfiprintf.o)
                0x080104a0                __ssprint_r
 .text.__sprint_r.part.0
                0x08010594       0x78 c:/ac6/systemworkbench/plugins/fr.ac6.mcu.externaltools.arm-none.win32_1.16.0.201807130628/tools/compiler/bin/../lib/gcc/arm-none-eabi/7.2.1/../../../../arm-none-eabi/lib/thumb/v7-m\libc.a(lib_a-vfiprintf.o)
 .text.__sprint_r
                0x0801060c       0x14 c:/ac6/systemworkbench/plugins/fr.ac6.mcu.externaltools.arm-none.win32_1.16.0.201807130628/tools/compiler/bin/../lib/gcc/arm-none-eabi/7.2.1/../../../../arm-none-eabi/lib/thumb/v7-m\libc.a(lib_a-vfiprintf.o)
                0x0801060c                __sprint_r
 .text._write_r
                0x08010620       0x2c c:/ac6/systemworkbench/plugins/fr.ac6.mcu.externaltools.arm-none.win32_1.16.0.201807130628/tools/compiler/bin/../lib/gcc/arm-none-eabi/7.2.1/../../../../arm-none-eabi/lib/thumb/v7-m\libc.a(lib_a-writer.o)
                0x08010620                _write_r
 .text.__register_exitproc
                0x0801064c       0xc0 c:/ac6/systemworkbench/plugins/fr.ac6.mcu.externaltools.arm-none.win32_1.16.0.201807130628/tools/compiler/bin/../lib/gcc/arm-none-eabi/7.2.1/../../../../arm-none-eabi/lib/thumb/v7-m\libc.a(lib_a-__atexit.o)
                0x0801064c                __register_exitproc
 .text._calloc_r
                0x0801070c       0x6c c:/ac6/systemworkbench/plugins/fr.ac6.mcu.externaltools.arm-none.win32_1.16.0.201807130628/tools/compiler/bin/../lib/gcc/arm-none-eabi/7.2.1/../../../../arm-none-eabi/lib/thumb/v7-m\libc.a(lib_a-callocr.o)
                0x0801070c                _calloc_r
 .text._close_r
                0x08010778       0x24 c:/ac6/systemworkbench/plugins/fr.ac6.mcu.externaltools.arm-none.win32_1.16.0.201807130628/tools/compiler/bin/../lib/gcc/arm-none-eabi/7.2.1/../../../../arm-none-eabi/lib/thumb/v7-m\libc.a(lib_a-closer.o)
                0x08010778                _close_r
 .text._fclose_r
                0x0801079c       0xd0 c:/ac6/systemworkbench/plugins/fr.ac6.mcu.externaltools.arm-none.win32_1.16.0.201807130628/tools/compiler/bin/../lib/gcc/arm-none-eabi/7.2.1/../../../../arm-none-eabi/lib/thumb/v7-m\libc.a(lib_a-fclose.o)
                0x0801079c                _fclose_r
 .text.__fputwc
                0x0801086c       0x94 c:/ac6/systemworkbench/plugins/fr.ac6.mcu.externaltools.arm-none.win32_1.16.0.201807130628/tools/compiler/bin/../lib/gcc/arm-none-eabi/7.2.1/../../../../arm-none-eabi/lib/thumb/v7-m\libc.a(lib_a-fputwc.o)
                0x0801086c                __fputwc
 .text._fputwc_r
                0x08010900       0x64 c:/ac6/systemworkbench/plugins/fr.ac6.mcu.externaltools.arm-none.win32_1.16.0.201807130628/tools/compiler/bin/../lib/gcc/arm-none-eabi/7.2.1/../../../../arm-none-eabi/lib/thumb/v7-m\libc.a(lib_a-fputwc.o)
                0x08010900                _fputwc_r
 .text._fstat_r
                0x08010964       0x28 c:/ac6/systemworkbench/plugins/fr.ac6.mcu.externaltools.arm-none.win32_1.16.0.201807130628/tools/compiler/bin/../lib/gcc/arm-none-eabi/7.2.1/../../../../arm-none-eabi/lib/thumb/v7-m\libc.a(lib_a-fstatr.o)
                0x08010964                _fstat_r
 .text.__sfvwrite_r
                0x0801098c      0x2f4 c:/ac6/systemworkbench/plugins/fr.ac6.mcu.externaltools.arm-none.win32_1.16.0.201807130628/tools/compiler/bin/../lib/gcc/arm-none-eabi/7.2.1/../../../../arm-none-eabi/lib/thumb/v7-m\libc.a(lib_a-fvwrite.o)
                0x0801098c                __sfvwrite_r
 .text._isatty_r
                0x08010c80       0x24 c:/ac6/systemworkbench/plugins/fr.ac6.mcu.externaltools.arm-none.win32_1.16.0.201807130628/tools/compiler/bin/../lib/gcc/arm-none-eabi/7.2.1/../../../../arm-none-eabi/lib/thumb/v7-m\libc.a(lib_a-isattyr.o)
                0x08010c80                _isatty_r
 .text.__locale_mb_cur_max
                0x08010ca4       0x1c c:/ac6/systemworkbench/plugins/fr.ac6.mcu.externaltools.arm-none.win32_1.16.0.201807130628/tools/compiler/bin/../lib/gcc/arm-none-eabi/7.2.1/../../../../arm-none-eabi/lib/thumb/v7-m\libc.a(lib_a-locale.o)
                0x08010ca4                __locale_mb_cur_max
 .text._lseek_r
                0x08010cc0       0x2c c:/ac6/systemworkbench/plugins/fr.ac6.mcu.externaltools.arm-none.win32_1.16.0.201807130628/tools/compiler/bin/../lib/gcc/arm-none-eabi/7.2.1/../../../../arm-none-eabi/lib/thumb/v7-m\libc.a(lib_a-lseekr.o)
                0x08010cc0                _lseek_r
 .text.__ascii_mbtowc
                0x08010cec       0x2c c:/ac6/systemworkbench/plugins/fr.ac6.mcu.externaltools.arm-none.win32_1.16.0.201807130628/tools/compiler/bin/../lib/gcc/arm-none-eabi/7.2.1/../../../../arm-none-eabi/lib/thumb/v7-m\libc.a(lib_a-mbtowc_r.o)
                0x08010cec                __ascii_mbtowc
 .text.memmove  0x08010d18       0xc4 c:/ac6/systemworkbench/plugins/fr.ac6.mcu.externaltools.arm-none.win32_1.16.0.201807130628/tools/compiler/bin/../lib/gcc/arm-none-eabi/7.2.1/../../../../arm-none-eabi/lib/thumb/v7-m\libc.a(lib_a-memmove.o)
                0x08010d18                memmove
 .text._read_r  0x08010ddc       0x2c c:/ac6/systemworkbench/plugins/fr.ac6.mcu.externaltools.arm-none.win32_1.16.0.201807130628/tools/compiler/bin/../lib/gcc/arm-none-eabi/7.2.1/../../../../arm-none-eabi/lib/thumb/v7-m\libc.a(lib_a-readr.o)
                0x08010ddc                _read_r
 .text._realloc_r
                0x08010e08      0x374 c:/ac6/systemworkbench/plugins/fr.ac6.mcu.externaltools.arm-none.win32_1.16.0.201807130628/tools/compiler/bin/../lib/gcc/arm-none-eabi/7.2.1/../../../../arm-none-eabi/lib/thumb/v7-m\libc.a(lib_a-reallocr.o)
                0x08010e08                _realloc_r
 .text.__swbuf_r
                0x0801117c       0xb0 c:/ac6/systemworkbench/plugins/fr.ac6.mcu.externaltools.arm-none.win32_1.16.0.201807130628/tools/compiler/bin/../lib/gcc/arm-none-eabi/7.2.1/../../../../arm-none-eabi/lib/thumb/v7-m\libc.a(lib_a-wbuf.o)
                0x0801117c                __swbuf_r
 .text._wcrtomb_r
                0x0801122c       0x54 c:/ac6/systemworkbench/plugins/fr.ac6.mcu.externaltools.arm-none.win32_1.16.0.201807130628/tools/compiler/bin/../lib/gcc/arm-none-eabi/7.2.1/../../../../arm-none-eabi/lib/thumb/v7-m\libc.a(lib_a-wcrtomb.o)
                0x0801122c                _wcrtomb_r
 .text.__ascii_wctomb
                0x08011280       0x18 c:/ac6/systemworkbench/plugins/fr.ac6.mcu.externaltools.arm-none.win32_1.16.0.201807130628/tools/compiler/bin/../lib/gcc/arm-none-eabi/7.2.1/../../../../arm-none-eabi/lib/thumb/v7-m\libc.a(lib_a-wctomb_r.o)
                0x08011280                __ascii_wctomb
 *(.glue_7)
 .glue_7        0x08011298        0x0 linker stubs
 *(.glue_7t)
 .glue_7t       0x08011298        0x0 linker stubs
 *(.eh_frame)
 .eh_frame      0x08011298        0x0 c:/ac6/systemworkbench/plugins/fr.ac6.mcu.externaltools.arm-none.win32_1.16.0.201807130628/tools/compiler/bin/../lib/gcc/arm-none-eabi/7.2.1/thumb/v7-m/crtbegin.o
 *(.init)
 .init          0x08011298        0x4 c:/ac6/systemworkbench/plugins/fr.ac6.mcu.externaltools.arm-none.win32_1.16.0.201807130628/tools/compiler/bin/../lib/gcc/arm-none-eabi/7.2.1/thumb/v7-m/crti.o
                0x08011298                _init
 .init          0x0801129c        0x8 c:/ac6/systemworkbench/plugins/fr.ac6.mcu.externaltools.arm-none.win32_1.16.0.201807130628/tools/compiler/bin/../lib/gcc/arm-none-eabi/7.2.1/thumb/v7-m/crtn.o
 *(.fini)
 .fini          0x080112a4        0x4 c:/ac6/systemworkbench/plugins/fr.ac6.mcu.externaltools.arm-none.win32_1.16.0.201807130628/tools/compiler/bin/../lib/gcc/arm-none-eabi/7.2.1/thumb/v7-m/crti.o
                0x080112a4                _fini
 .fini          0x080112a8        0x8 c:/ac6/systemworkbench/plugins/fr.ac6.mcu.externaltools.arm-none.win32_1.16.0.201807130628/tools/compiler/bin/../lib/gcc/arm-none-eabi/7.2.1/thumb/v7-m/crtn.o
                0x080112b0                . = ALIGN (0x4)
                0x080112b0                _etext = .

.vfp11_veneer   0x080112b0        0x0
 .vfp11_veneer  0x080112b0        0x0 linker stubs

.v4_bx          0x080112b0        0x0
 .v4_bx         0x080112b0        0x0 linker stubs

.iplt           0x080112b0        0x0
 .iplt          0x080112b0        0x0 c:/ac6/systemworkbench/plugins/fr.ac6.mcu.externaltools.arm-none.win32_1.16.0.201807130628/tools/compiler/bin/../lib/gcc/arm-none-eabi/7.2.1/thumb/v7-m/crtbegin.o

.rodata         0x080112b0      0x9e0
                0x080112b0                . = ALIGN (0x4)
 *(.rodata)
 .rodata        0x080112b0        0x5 Middlewares/Third_Party/FreeRTOS/Source/tasks.o
 *fill*         0x080112b5        0x3 
 .rodata        0x080112b8        0xd Middlewares/Third_Party/FreeRTOS/Source/timers.o
 *fill*         0x080112c5        0x3 
 .rodata        0x080112c8      0x6c4 src/app_mems-library.o
 .rodata        0x0801198c       0x22 src/main.o
 *fill*         0x080119ae        0x2 
 .rodata        0x080119b0       0x14 src/stm32_common_bsp.o
                0x080119bc                BUTTON_EXTI_LINE
 .rodata        0x080119c4       0x24 src/system_stm32l1xx.o
                0x080119c4                PLLMulTable
                0x080119d0                AHBPrescTable
                0x080119e0                APBPrescTable
 *(.rodata*)
 .rodata._global_impure_ptr
                0x080119e8        0x4 c:/ac6/systemworkbench/plugins/fr.ac6.mcu.externaltools.arm-none.win32_1.16.0.201807130628/tools/compiler/bin/../lib/gcc/arm-none-eabi/7.2.1/../../../../arm-none-eabi/lib/thumb/v7-m\libc.a(lib_a-impure.o)
                0x080119e8                _global_impure_ptr
 .rodata._svfprintf_r.str1.4
                0x080119ec       0x42 c:/ac6/systemworkbench/plugins/fr.ac6.mcu.externaltools.arm-none.win32_1.16.0.201807130628/tools/compiler/bin/../lib/gcc/arm-none-eabi/7.2.1/../../../../arm-none-eabi/lib/thumb/v7-m\libc.a(lib_a-svfprintf.o)
 *fill*         0x08011a2e        0x2 
 .rodata.blanks.7276
                0x08011a30       0x10 c:/ac6/systemworkbench/plugins/fr.ac6.mcu.externaltools.arm-none.win32_1.16.0.201807130628/tools/compiler/bin/../lib/gcc/arm-none-eabi/7.2.1/../../../../arm-none-eabi/lib/thumb/v7-m\libc.a(lib_a-svfprintf.o)
 .rodata.zeroes.7277
                0x08011a40       0x10 c:/ac6/systemworkbench/plugins/fr.ac6.mcu.externaltools.arm-none.win32_1.16.0.201807130628/tools/compiler/bin/../lib/gcc/arm-none-eabi/7.2.1/../../../../arm-none-eabi/lib/thumb/v7-m\libc.a(lib_a-svfprintf.o)
 .rodata._vfprintf_r.str1.4
                0x08011a50       0x42 c:/ac6/systemworkbench/plugins/fr.ac6.mcu.externaltools.arm-none.win32_1.16.0.201807130628/tools/compiler/bin/../lib/gcc/arm-none-eabi/7.2.1/../../../../arm-none-eabi/lib/thumb/v7-m\libc.a(lib_a-vfprintf.o)
 .rodata.blanks.7291
                0x08011a50       0x10 c:/ac6/systemworkbench/plugins/fr.ac6.mcu.externaltools.arm-none.win32_1.16.0.201807130628/tools/compiler/bin/../lib/gcc/arm-none-eabi/7.2.1/../../../../arm-none-eabi/lib/thumb/v7-m\libc.a(lib_a-vfprintf.o)
 .rodata.zeroes.7292
                0x08011a60       0x10 c:/ac6/systemworkbench/plugins/fr.ac6.mcu.externaltools.arm-none.win32_1.16.0.201807130628/tools/compiler/bin/../lib/gcc/arm-none-eabi/7.2.1/../../../../arm-none-eabi/lib/thumb/v7-m\libc.a(lib_a-vfprintf.o)
 .rodata._dtoa_r.str1.4
                0x08011a70       0x10 c:/ac6/systemworkbench/plugins/fr.ac6.mcu.externaltools.arm-none.win32_1.16.0.201807130628/tools/compiler/bin/../lib/gcc/arm-none-eabi/7.2.1/../../../../arm-none-eabi/lib/thumb/v7-m\libc.a(lib_a-dtoa.o)
                                 0x12 (size before relaxing)
 .rodata.__mprec_bigtens
                0x08011a80       0x28 c:/ac6/systemworkbench/plugins/fr.ac6.mcu.externaltools.arm-none.win32_1.16.0.201807130628/tools/compiler/bin/../lib/gcc/arm-none-eabi/7.2.1/../../../../arm-none-eabi/lib/thumb/v7-m\libc.a(lib_a-mprec.o)
                0x08011a80                __mprec_bigtens
 .rodata.__mprec_tens
                0x08011aa8       0xc8 c:/ac6/systemworkbench/plugins/fr.ac6.mcu.externaltools.arm-none.win32_1.16.0.201807130628/tools/compiler/bin/../lib/gcc/arm-none-eabi/7.2.1/../../../../arm-none-eabi/lib/thumb/v7-m\libc.a(lib_a-mprec.o)
                0x08011aa8                __mprec_tens
 .rodata.p05.6092
                0x08011b70        0xc c:/ac6/systemworkbench/plugins/fr.ac6.mcu.externaltools.arm-none.win32_1.16.0.201807130628/tools/compiler/bin/../lib/gcc/arm-none-eabi/7.2.1/../../../../arm-none-eabi/lib/thumb/v7-m\libc.a(lib_a-mprec.o)
 .rodata._setlocale_r.str1.4
                0x08011b7c        0xa c:/ac6/systemworkbench/plugins/fr.ac6.mcu.externaltools.arm-none.win32_1.16.0.201807130628/tools/compiler/bin/../lib/gcc/arm-none-eabi/7.2.1/../../../../arm-none-eabi/lib/thumb/v7-m\libc.a(lib_a-locale.o)
                                  0xd (size before relaxing)
 *fill*         0x08011b86        0x2 
 .rodata.str1.4
                0x08011b88        0x4 c:/ac6/systemworkbench/plugins/fr.ac6.mcu.externaltools.arm-none.win32_1.16.0.201807130628/tools/compiler/bin/../lib/gcc/arm-none-eabi/7.2.1/../../../../arm-none-eabi/lib/thumb/v7-m\libc.a(lib_a-locale.o)
                                  0x2 (size before relaxing)
 .rodata._ctype_
                0x08011b8c      0x101 c:/ac6/systemworkbench/plugins/fr.ac6.mcu.externaltools.arm-none.win32_1.16.0.201807130628/tools/compiler/bin/../lib/gcc/arm-none-eabi/7.2.1/../../../../arm-none-eabi/lib/thumb/v7-m\libc.a(lib_a-ctype_.o)
                0x08011b8c                _ctype_
                0x08011c90                . = ALIGN (0x4)
 *fill*         0x08011c8d        0x3 

.ARM.extab
 *(.ARM.extab* .gnu.linkonce.armextab.*)

.ARM            0x08011c90        0x8
                0x08011c90                __exidx_start = .
 *(.ARM.exidx*)
 .ARM.exidx     0x08011c90        0x8 c:/ac6/systemworkbench/plugins/fr.ac6.mcu.externaltools.arm-none.win32_1.16.0.201807130628/tools/compiler/bin/../lib/gcc/arm-none-eabi/7.2.1/thumb/v7-m\libgcc.a(_udivmoddi4.o)
                0x08011c98                __exidx_end = .

.rel.dyn        0x08011c98        0x0
 .rel.iplt      0x08011c98        0x0 c:/ac6/systemworkbench/plugins/fr.ac6.mcu.externaltools.arm-none.win32_1.16.0.201807130628/tools/compiler/bin/../lib/gcc/arm-none-eabi/7.2.1/thumb/v7-m/crtbegin.o

.preinit_array  0x08011c98        0x0
                0x08011c98                PROVIDE (__preinit_array_start, .)
 *(.preinit_array*)
                0x08011c98                PROVIDE (__preinit_array_end, .)

.init_array     0x08011c98        0x8
                0x08011c98                PROVIDE (__init_array_start, .)
 *(SORT_BY_NAME(.init_array.*))
 .init_array.00000
                0x08011c98        0x4 c:/ac6/systemworkbench/plugins/fr.ac6.mcu.externaltools.arm-none.win32_1.16.0.201807130628/tools/compiler/bin/../lib/gcc/arm-none-eabi/7.2.1/../../../../arm-none-eabi/lib/thumb/v7-m\libc.a(lib_a-__call_atexit.o)
 *(.init_array*)
 .init_array    0x08011c9c        0x4 c:/ac6/systemworkbench/plugins/fr.ac6.mcu.externaltools.arm-none.win32_1.16.0.201807130628/tools/compiler/bin/../lib/gcc/arm-none-eabi/7.2.1/thumb/v7-m/crtbegin.o
                0x08011ca0                PROVIDE (__init_array_end, .)

.fini_array     0x08011ca0        0x4
                0x08011ca0                PROVIDE (__fini_array_start, .)
 *(SORT_BY_NAME(.fini_array.*))
 *(.fini_array*)
 .fini_array    0x08011ca0        0x4 c:/ac6/systemworkbench/plugins/fr.ac6.mcu.externaltools.arm-none.win32_1.16.0.201807130628/tools/compiler/bin/../lib/gcc/arm-none-eabi/7.2.1/thumb/v7-m/crtbegin.o
                0x08011ca4                PROVIDE (__fini_array_end, .)
                0x08011ca4                _sidata = LOADADDR (.data)

.data           0x20000000      0xa38 load address 0x08011ca4
                0x20000000                . = ALIGN (0x4)
                0x20000000                _sdata = .
 *(.data)
 .data          0x20000000        0x4 Middlewares/Third_Party/FreeRTOS/Source/portable/GCC/ARM_CM3/port.o
 .data          0x20000004        0x1 src/app_mems-library.o
                0x20000004                DemoFifoStatus
 *fill*         0x20000005        0x3 
 .data          0x20000008       0x14 src/iks01a2_motion_sensors.o
 .data          0x2000001c       0x58 src/lsm6dsl.o
                0x2000001c                LSM6DSL_COMMON_Driver
                0x2000002c                LSM6DSL_ACC_Driver
                0x20000050                LSM6DSL_GYRO_Driver
 .data          0x20000074        0x1 src/main.o
                0x20000074                MemoryProgramStatus
 *fill*         0x20000075        0x3 
 .data          0x20000078       0x10 src/stm32_common_bsp.o
 .data          0x20000088        0x4 src/system_stm32l1xx.o
                0x20000088                SystemCoreClock
 *(.data*)
 .data._impure_ptr
                0x2000008c        0x4 c:/ac6/systemworkbench/plugins/fr.ac6.mcu.externaltools.arm-none.win32_1.16.0.201807130628/tools/compiler/bin/../lib/gcc/arm-none-eabi/7.2.1/../../../../arm-none-eabi/lib/thumb/v7-m\libc.a(lib_a-impure.o)
                0x2000008c                _impure_ptr
 .data.impure_data
                0x20000090      0x428 c:/ac6/systemworkbench/plugins/fr.ac6.mcu.externaltools.arm-none.win32_1.16.0.201807130628/tools/compiler/bin/../lib/gcc/arm-none-eabi/7.2.1/../../../../arm-none-eabi/lib/thumb/v7-m\libc.a(lib_a-impure.o)
 .data.__atexit_recursive_mutex
                0x200004b8        0x4 c:/ac6/systemworkbench/plugins/fr.ac6.mcu.externaltools.arm-none.win32_1.16.0.201807130628/tools/compiler/bin/../lib/gcc/arm-none-eabi/7.2.1/../../../../arm-none-eabi/lib/thumb/v7-m\libc.a(lib_a-__call_atexit.o)
                0x200004b8                __atexit_recursive_mutex
 .data.__malloc_av_
                0x200004bc      0x408 c:/ac6/systemworkbench/plugins/fr.ac6.mcu.externaltools.arm-none.win32_1.16.0.201807130628/tools/compiler/bin/../lib/gcc/arm-none-eabi/7.2.1/../../../../arm-none-eabi/lib/thumb/v7-m\libc.a(lib_a-mallocr.o)
                0x200004bc                __malloc_av_
 .data.__malloc_sbrk_base
                0x200008c4        0x4 c:/ac6/systemworkbench/plugins/fr.ac6.mcu.externaltools.arm-none.win32_1.16.0.201807130628/tools/compiler/bin/../lib/gcc/arm-none-eabi/7.2.1/../../../../arm-none-eabi/lib/thumb/v7-m\libc.a(lib_a-mallocr.o)
                0x200008c4                __malloc_sbrk_base
 .data.__malloc_trim_threshold
                0x200008c8        0x4 c:/ac6/systemworkbench/plugins/fr.ac6.mcu.externaltools.arm-none.win32_1.16.0.201807130628/tools/compiler/bin/../lib/gcc/arm-none-eabi/7.2.1/../../../../arm-none-eabi/lib/thumb/v7-m\libc.a(lib_a-mallocr.o)
                0x200008c8                __malloc_trim_threshold
 .data.__global_locale